Archive member included because of file (symbol)

/home/remon/pebble-dev/PebbleSDK-3.1/Pebble/basalt/lib/libpebble.a(tmpfX6yoapebble.o)
                              src/app.c.12.o (app_event_loop)

Discarded input sections

 .text          0x0000000000000000        0x0 /home/remon/pebble-dev/PebbleSDK-3.1/arm-cs-tools/bin/../lib/gcc/arm-none-eabi/4.7.2/thumb2/crti.o
 .bss           0x0000000000000000        0x0 /home/remon/pebble-dev/PebbleSDK-3.1/arm-cs-tools/bin/../lib/gcc/arm-none-eabi/4.7.2/thumb2/crti.o
 .init          0x0000000000000000        0x4 /home/remon/pebble-dev/PebbleSDK-3.1/arm-cs-tools/bin/../lib/gcc/arm-none-eabi/4.7.2/thumb2/crti.o
 .fini          0x0000000000000000        0x4 /home/remon/pebble-dev/PebbleSDK-3.1/arm-cs-tools/bin/../lib/gcc/arm-none-eabi/4.7.2/thumb2/crti.o
 .text          0x0000000000000000       0xc8 /home/remon/pebble-dev/PebbleSDK-3.1/arm-cs-tools/bin/../lib/gcc/arm-none-eabi/4.7.2/thumb2/crtbegin.o
 .bss           0x0000000000000000       0x1c /home/remon/pebble-dev/PebbleSDK-3.1/arm-cs-tools/bin/../lib/gcc/arm-none-eabi/4.7.2/thumb2/crtbegin.o
 .init_array    0x0000000000000000        0x4 /home/remon/pebble-dev/PebbleSDK-3.1/arm-cs-tools/bin/../lib/gcc/arm-none-eabi/4.7.2/thumb2/crtbegin.o
 .fini_array    0x0000000000000000        0x4 /home/remon/pebble-dev/PebbleSDK-3.1/arm-cs-tools/bin/../lib/gcc/arm-none-eabi/4.7.2/thumb2/crtbegin.o
 .eh_frame      0x0000000000000000        0x0 /home/remon/pebble-dev/PebbleSDK-3.1/arm-cs-tools/bin/../lib/gcc/arm-none-eabi/4.7.2/thumb2/crtbegin.o
 .jcr           0x0000000000000000        0x0 /home/remon/pebble-dev/PebbleSDK-3.1/arm-cs-tools/bin/../lib/gcc/arm-none-eabi/4.7.2/thumb2/crtbegin.o
 .tm_clone_table
                0x0000000000000000        0x0 /home/remon/pebble-dev/PebbleSDK-3.1/arm-cs-tools/bin/../lib/gcc/arm-none-eabi/4.7.2/thumb2/crtbegin.o
 .text          0x0000000000000000        0x0 src/app.c.12.o
 .bss           0x0000000000000000        0x0 src/app.c.12.o
 .text          0x0000000000000000        0x0 basalt/appinfo.auto.c.12.o
 .bss           0x0000000000000000        0x0 basalt/appinfo.auto.c.12.o
 .bss           0x0000000000000000        0x0 /home/remon/pebble-dev/PebbleSDK-3.1/Pebble/basalt/lib/libpebble.a(tmpfX6yoapebble.o)
 .text.accel_data_service_subscribe__deprecated
                0x0000000000000000        0xc /home/remon/pebble-dev/PebbleSDK-3.1/Pebble/basalt/lib/libpebble.a(tmpfX6yoapebble.o)
 .text.accel_data_service_unsubscribe
                0x0000000000000000        0xc /home/remon/pebble-dev/PebbleSDK-3.1/Pebble/basalt/lib/libpebble.a(tmpfX6yoapebble.o)
 .text.accel_service_peek
                0x0000000000000000        0xc /home/remon/pebble-dev/PebbleSDK-3.1/Pebble/basalt/lib/libpebble.a(tmpfX6yoapebble.o)
 .text.accel_service_set_samples_per_update
                0x0000000000000000        0xc /home/remon/pebble-dev/PebbleSDK-3.1/Pebble/basalt/lib/libpebble.a(tmpfX6yoapebble.o)
 .text.accel_service_set_sampling_rate
                0x0000000000000000        0xc /home/remon/pebble-dev/PebbleSDK-3.1/Pebble/basalt/lib/libpebble.a(tmpfX6yoapebble.o)
 .text.accel_tap_service_subscribe
                0x0000000000000000        0xc /home/remon/pebble-dev/PebbleSDK-3.1/Pebble/basalt/lib/libpebble.a(tmpfX6yoapebble.o)
 .text.accel_tap_service_unsubscribe
                0x0000000000000000        0xc /home/remon/pebble-dev/PebbleSDK-3.1/Pebble/basalt/lib/libpebble.a(tmpfX6yoapebble.o)
 .text.action_bar_layer_legacy2_add_to_window
                0x0000000000000000        0xc /home/remon/pebble-dev/PebbleSDK-3.1/Pebble/basalt/lib/libpebble.a(tmpfX6yoapebble.o)
 .text.action_bar_layer_legacy2_clear_icon
                0x0000000000000000        0xc /home/remon/pebble-dev/PebbleSDK-3.1/Pebble/basalt/lib/libpebble.a(tmpfX6yoapebble.o)
 .text.action_bar_layer_legacy2_create
                0x0000000000000000        0xc /home/remon/pebble-dev/PebbleSDK-3.1/Pebble/basalt/lib/libpebble.a(tmpfX6yoapebble.o)
 .text.action_bar_layer_legacy2_destroy
                0x0000000000000000        0xc /home/remon/pebble-dev/PebbleSDK-3.1/Pebble/basalt/lib/libpebble.a(tmpfX6yoapebble.o)
 .text.action_bar_layer_legacy2_get_layer
                0x0000000000000000        0xc /home/remon/pebble-dev/PebbleSDK-3.1/Pebble/basalt/lib/libpebble.a(tmpfX6yoapebble.o)
 .text.action_bar_layer_legacy2_remove_from_window
                0x0000000000000000        0xc /home/remon/pebble-dev/PebbleSDK-3.1/Pebble/basalt/lib/libpebble.a(tmpfX6yoapebble.o)
 .text.action_bar_layer_legacy2_set_background_color_2bit
                0x0000000000000000        0xc /home/remon/pebble-dev/PebbleSDK-3.1/Pebble/basalt/lib/libpebble.a(tmpfX6yoapebble.o)
 .text.action_bar_layer_legacy2_set_click_config_provider
                0x0000000000000000        0xc /home/remon/pebble-dev/PebbleSDK-3.1/Pebble/basalt/lib/libpebble.a(tmpfX6yoapebble.o)
 .text.action_bar_layer_legacy2_set_context
                0x0000000000000000        0xc /home/remon/pebble-dev/PebbleSDK-3.1/Pebble/basalt/lib/libpebble.a(tmpfX6yoapebble.o)
 .text.action_bar_layer_legacy2_set_icon
                0x0000000000000000        0xc /home/remon/pebble-dev/PebbleSDK-3.1/Pebble/basalt/lib/libpebble.a(tmpfX6yoapebble.o)
 .text.animation_legacy2_create
                0x0000000000000000        0xc /home/remon/pebble-dev/PebbleSDK-3.1/Pebble/basalt/lib/libpebble.a(tmpfX6yoapebble.o)
 .text.animation_legacy2_destroy
                0x0000000000000000        0xc /home/remon/pebble-dev/PebbleSDK-3.1/Pebble/basalt/lib/libpebble.a(tmpfX6yoapebble.o)
 .text.animation_legacy2_get_context
                0x0000000000000000        0xc /home/remon/pebble-dev/PebbleSDK-3.1/Pebble/basalt/lib/libpebble.a(tmpfX6yoapebble.o)
 .text.animation_legacy2_is_scheduled
                0x0000000000000000        0xc /home/remon/pebble-dev/PebbleSDK-3.1/Pebble/basalt/lib/libpebble.a(tmpfX6yoapebble.o)
 .text.animation_legacy2_schedule
                0x0000000000000000        0xc /home/remon/pebble-dev/PebbleSDK-3.1/Pebble/basalt/lib/libpebble.a(tmpfX6yoapebble.o)
 .text.animation_legacy2_set_curve
                0x0000000000000000        0xc /home/remon/pebble-dev/PebbleSDK-3.1/Pebble/basalt/lib/libpebble.a(tmpfX6yoapebble.o)
 .text.animation_legacy2_set_delay
                0x0000000000000000        0xc /home/remon/pebble-dev/PebbleSDK-3.1/Pebble/basalt/lib/libpebble.a(tmpfX6yoapebble.o)
 .text.animation_legacy2_set_duration
                0x0000000000000000        0xc /home/remon/pebble-dev/PebbleSDK-3.1/Pebble/basalt/lib/libpebble.a(tmpfX6yoapebble.o)
 .text.animation_legacy2_set_handlers
                0x0000000000000000        0xc /home/remon/pebble-dev/PebbleSDK-3.1/Pebble/basalt/lib/libpebble.a(tmpfX6yoapebble.o)
 .text.animation_legacy2_set_implementation
                0x0000000000000000        0xc /home/remon/pebble-dev/PebbleSDK-3.1/Pebble/basalt/lib/libpebble.a(tmpfX6yoapebble.o)
 .text.animation_legacy2_unschedule
                0x0000000000000000        0xc /home/remon/pebble-dev/PebbleSDK-3.1/Pebble/basalt/lib/libpebble.a(tmpfX6yoapebble.o)
 .text.animation_legacy2_unschedule_all
                0x0000000000000000        0xc /home/remon/pebble-dev/PebbleSDK-3.1/Pebble/basalt/lib/libpebble.a(tmpfX6yoapebble.o)
 .text.app_comm_get_sniff_interval
                0x0000000000000000        0xc /home/remon/pebble-dev/PebbleSDK-3.1/Pebble/basalt/lib/libpebble.a(tmpfX6yoapebble.o)
 .text.app_comm_set_sniff_interval
                0x0000000000000000        0xc /home/remon/pebble-dev/PebbleSDK-3.1/Pebble/basalt/lib/libpebble.a(tmpfX6yoapebble.o)
 .text.app_message_deregister_callbacks
                0x0000000000000000        0xc /home/remon/pebble-dev/PebbleSDK-3.1/Pebble/basalt/lib/libpebble.a(tmpfX6yoapebble.o)
 .text.app_message_open
                0x0000000000000000        0xc /home/remon/pebble-dev/PebbleSDK-3.1/Pebble/basalt/lib/libpebble.a(tmpfX6yoapebble.o)
 .text.app_sync_deinit
                0x0000000000000000        0xc /home/remon/pebble-dev/PebbleSDK-3.1/Pebble/basalt/lib/libpebble.a(tmpfX6yoapebble.o)
 .text.app_sync_get
                0x0000000000000000        0xc /home/remon/pebble-dev/PebbleSDK-3.1/Pebble/basalt/lib/libpebble.a(tmpfX6yoapebble.o)
 .text.app_sync_init
                0x0000000000000000        0xc /home/remon/pebble-dev/PebbleSDK-3.1/Pebble/basalt/lib/libpebble.a(tmpfX6yoapebble.o)
 .text.app_sync_set
                0x0000000000000000        0xc /home/remon/pebble-dev/PebbleSDK-3.1/Pebble/basalt/lib/libpebble.a(tmpfX6yoapebble.o)
 .text.app_timer_cancel
                0x0000000000000000        0xc /home/remon/pebble-dev/PebbleSDK-3.1/Pebble/basalt/lib/libpebble.a(tmpfX6yoapebble.o)
 .text.app_timer_register
                0x0000000000000000        0xc /home/remon/pebble-dev/PebbleSDK-3.1/Pebble/basalt/lib/libpebble.a(tmpfX6yoapebble.o)
 .text.app_timer_reschedule
                0x0000000000000000        0xc /home/remon/pebble-dev/PebbleSDK-3.1/Pebble/basalt/lib/libpebble.a(tmpfX6yoapebble.o)
 .text.atan2_lookup
                0x0000000000000000        0xc /home/remon/pebble-dev/PebbleSDK-3.1/Pebble/basalt/lib/libpebble.a(tmpfX6yoapebble.o)
 .text.atoi     0x0000000000000000        0xc /home/remon/pebble-dev/PebbleSDK-3.1/Pebble/basalt/lib/libpebble.a(tmpfX6yoapebble.o)
 .text.atol     0x0000000000000000        0xc /home/remon/pebble-dev/PebbleSDK-3.1/Pebble/basalt/lib/libpebble.a(tmpfX6yoapebble.o)
 .text.battery_state_service_peek
                0x0000000000000000        0xc /home/remon/pebble-dev/PebbleSDK-3.1/Pebble/basalt/lib/libpebble.a(tmpfX6yoapebble.o)
 .text.battery_state_service_subscribe
                0x0000000000000000        0xc /home/remon/pebble-dev/PebbleSDK-3.1/Pebble/basalt/lib/libpebble.a(tmpfX6yoapebble.o)
 .text.battery_state_service_unsubscribe
                0x0000000000000000        0xc /home/remon/pebble-dev/PebbleSDK-3.1/Pebble/basalt/lib/libpebble.a(tmpfX6yoapebble.o)
 .text.bitmap_layer_create
                0x0000000000000000        0xc /home/remon/pebble-dev/PebbleSDK-3.1/Pebble/basalt/lib/libpebble.a(tmpfX6yoapebble.o)
 .text.bitmap_layer_destroy
                0x0000000000000000        0xc /home/remon/pebble-dev/PebbleSDK-3.1/Pebble/basalt/lib/libpebble.a(tmpfX6yoapebble.o)
 .text.bitmap_layer_get_layer
                0x0000000000000000        0xc /home/remon/pebble-dev/PebbleSDK-3.1/Pebble/basalt/lib/libpebble.a(tmpfX6yoapebble.o)
 .text.bitmap_layer_set_alignment
                0x0000000000000000        0xc /home/remon/pebble-dev/PebbleSDK-3.1/Pebble/basalt/lib/libpebble.a(tmpfX6yoapebble.o)
 .text.bitmap_layer_set_background_color_2bit
                0x0000000000000000        0xc /home/remon/pebble-dev/PebbleSDK-3.1/Pebble/basalt/lib/libpebble.a(tmpfX6yoapebble.o)
 .text.bitmap_layer_set_bitmap
                0x0000000000000000        0xc /home/remon/pebble-dev/PebbleSDK-3.1/Pebble/basalt/lib/libpebble.a(tmpfX6yoapebble.o)
 .text.bitmap_layer_set_compositing_mode
                0x0000000000000000        0xc /home/remon/pebble-dev/PebbleSDK-3.1/Pebble/basalt/lib/libpebble.a(tmpfX6yoapebble.o)
 .text.bluetooth_connection_service_peek
                0x0000000000000000        0xc /home/remon/pebble-dev/PebbleSDK-3.1/Pebble/basalt/lib/libpebble.a(tmpfX6yoapebble.o)
 .text.bluetooth_connection_service_subscribe
                0x0000000000000000        0xc /home/remon/pebble-dev/PebbleSDK-3.1/Pebble/basalt/lib/libpebble.a(tmpfX6yoapebble.o)
 .text.bluetooth_connection_service_unsubscribe
                0x0000000000000000        0xc /home/remon/pebble-dev/PebbleSDK-3.1/Pebble/basalt/lib/libpebble.a(tmpfX6yoapebble.o)
 .text.click_number_of_clicks_counted
                0x0000000000000000        0xc /home/remon/pebble-dev/PebbleSDK-3.1/Pebble/basalt/lib/libpebble.a(tmpfX6yoapebble.o)
 .text.click_recognizer_get_button_id
                0x0000000000000000        0xc /home/remon/pebble-dev/PebbleSDK-3.1/Pebble/basalt/lib/libpebble.a(tmpfX6yoapebble.o)
 .text.clock_copy_time_string
                0x0000000000000000        0xc /home/remon/pebble-dev/PebbleSDK-3.1/Pebble/basalt/lib/libpebble.a(tmpfX6yoapebble.o)
 .text.clock_is_24h_style
                0x0000000000000000        0xc /home/remon/pebble-dev/PebbleSDK-3.1/Pebble/basalt/lib/libpebble.a(tmpfX6yoapebble.o)
 .text.cos_lookup
                0x0000000000000000        0xc /home/remon/pebble-dev/PebbleSDK-3.1/Pebble/basalt/lib/libpebble.a(tmpfX6yoapebble.o)
 .text.data_logging_create
                0x0000000000000000        0xc /home/remon/pebble-dev/PebbleSDK-3.1/Pebble/basalt/lib/libpebble.a(tmpfX6yoapebble.o)
 .text.data_logging_finish
                0x0000000000000000        0xc /home/remon/pebble-dev/PebbleSDK-3.1/Pebble/basalt/lib/libpebble.a(tmpfX6yoapebble.o)
 .text.data_logging_log
                0x0000000000000000        0xc /home/remon/pebble-dev/PebbleSDK-3.1/Pebble/basalt/lib/libpebble.a(tmpfX6yoapebble.o)
 .text.dict_calc_buffer_size
                0x0000000000000000        0xc /home/remon/pebble-dev/PebbleSDK-3.1/Pebble/basalt/lib/libpebble.a(tmpfX6yoapebble.o)
 .text.dict_calc_buffer_size_from_tuplets
                0x0000000000000000        0xc /home/remon/pebble-dev/PebbleSDK-3.1/Pebble/basalt/lib/libpebble.a(tmpfX6yoapebble.o)
 .text.dict_find
                0x0000000000000000        0xc /home/remon/pebble-dev/PebbleSDK-3.1/Pebble/basalt/lib/libpebble.a(tmpfX6yoapebble.o)
 .text.dict_merge
                0x0000000000000000        0xc /home/remon/pebble-dev/PebbleSDK-3.1/Pebble/basalt/lib/libpebble.a(tmpfX6yoapebble.o)
 .text.dict_read_begin_from_buffer
                0x0000000000000000        0xc /home/remon/pebble-dev/PebbleSDK-3.1/Pebble/basalt/lib/libpebble.a(tmpfX6yoapebble.o)
 .text.dict_read_first
                0x0000000000000000        0xc /home/remon/pebble-dev/PebbleSDK-3.1/Pebble/basalt/lib/libpebble.a(tmpfX6yoapebble.o)
 .text.dict_read_next
                0x0000000000000000        0xc /home/remon/pebble-dev/PebbleSDK-3.1/Pebble/basalt/lib/libpebble.a(tmpfX6yoapebble.o)
 .text.dict_serialize_tuplets
                0x0000000000000000        0xc /home/remon/pebble-dev/PebbleSDK-3.1/Pebble/basalt/lib/libpebble.a(tmpfX6yoapebble.o)
 .text.dict_serialize_tuplets_to_buffer__deprecated
                0x0000000000000000        0xc /home/remon/pebble-dev/PebbleSDK-3.1/Pebble/basalt/lib/libpebble.a(tmpfX6yoapebble.o)
 .text.dict_serialize_tuplets_to_buffer_with_iter
                0x0000000000000000        0xc /home/remon/pebble-dev/PebbleSDK-3.1/Pebble/basalt/lib/libpebble.a(tmpfX6yoapebble.o)
 .text.dict_write_begin
                0x0000000000000000        0xc /home/remon/pebble-dev/PebbleSDK-3.1/Pebble/basalt/lib/libpebble.a(tmpfX6yoapebble.o)
 .text.dict_write_cstring
                0x0000000000000000        0xc /home/remon/pebble-dev/PebbleSDK-3.1/Pebble/basalt/lib/libpebble.a(tmpfX6yoapebble.o)
 .text.dict_write_data
                0x0000000000000000        0xc /home/remon/pebble-dev/PebbleSDK-3.1/Pebble/basalt/lib/libpebble.a(tmpfX6yoapebble.o)
 .text.dict_write_end
                0x0000000000000000        0xc /home/remon/pebble-dev/PebbleSDK-3.1/Pebble/basalt/lib/libpebble.a(tmpfX6yoapebble.o)
 .text.dict_write_int
                0x0000000000000000        0xc /home/remon/pebble-dev/PebbleSDK-3.1/Pebble/basalt/lib/libpebble.a(tmpfX6yoapebble.o)
 .text.dict_write_int16
                0x0000000000000000        0xc /home/remon/pebble-dev/PebbleSDK-3.1/Pebble/basalt/lib/libpebble.a(tmpfX6yoapebble.o)
 .text.dict_write_int32
                0x0000000000000000        0xc /home/remon/pebble-dev/PebbleSDK-3.1/Pebble/basalt/lib/libpebble.a(tmpfX6yoapebble.o)
 .text.dict_write_int8
                0x0000000000000000        0xc /home/remon/pebble-dev/PebbleSDK-3.1/Pebble/basalt/lib/libpebble.a(tmpfX6yoapebble.o)
 .text.dict_write_tuplet
                0x0000000000000000        0xc /home/remon/pebble-dev/PebbleSDK-3.1/Pebble/basalt/lib/libpebble.a(tmpfX6yoapebble.o)
 .text.dict_write_uint16
                0x0000000000000000        0xc /home/remon/pebble-dev/PebbleSDK-3.1/Pebble/basalt/lib/libpebble.a(tmpfX6yoapebble.o)
 .text.dict_write_uint32
                0x0000000000000000        0xc /home/remon/pebble-dev/PebbleSDK-3.1/Pebble/basalt/lib/libpebble.a(tmpfX6yoapebble.o)
 .text.dict_write_uint8
                0x0000000000000000        0xc /home/remon/pebble-dev/PebbleSDK-3.1/Pebble/basalt/lib/libpebble.a(tmpfX6yoapebble.o)
 .text.fonts_get_system_font
                0x0000000000000000        0xc /home/remon/pebble-dev/PebbleSDK-3.1/Pebble/basalt/lib/libpebble.a(tmpfX6yoapebble.o)
 .text.fonts_unload_custom_font
                0x0000000000000000        0xc /home/remon/pebble-dev/PebbleSDK-3.1/Pebble/basalt/lib/libpebble.a(tmpfX6yoapebble.o)
 .text.free     0x0000000000000000        0xc /home/remon/pebble-dev/PebbleSDK-3.1/Pebble/basalt/lib/libpebble.a(tmpfX6yoapebble.o)
 .text.gbitmap_create_as_sub_bitmap
                0x0000000000000000        0xc /home/remon/pebble-dev/PebbleSDK-3.1/Pebble/basalt/lib/libpebble.a(tmpfX6yoapebble.o)
 .text.gbitmap_create_with_data
                0x0000000000000000        0xc /home/remon/pebble-dev/PebbleSDK-3.1/Pebble/basalt/lib/libpebble.a(tmpfX6yoapebble.o)
 .text.gbitmap_create_with_resource
                0x0000000000000000        0xc /home/remon/pebble-dev/PebbleSDK-3.1/Pebble/basalt/lib/libpebble.a(tmpfX6yoapebble.o)
 .text.gbitmap_destroy
                0x0000000000000000        0xc /home/remon/pebble-dev/PebbleSDK-3.1/Pebble/basalt/lib/libpebble.a(tmpfX6yoapebble.o)
 .text.gmtime   0x0000000000000000        0xc /home/remon/pebble-dev/PebbleSDK-3.1/Pebble/basalt/lib/libpebble.a(tmpfX6yoapebble.o)
 .text.gpath_create
                0x0000000000000000        0xc /home/remon/pebble-dev/PebbleSDK-3.1/Pebble/basalt/lib/libpebble.a(tmpfX6yoapebble.o)
 .text.gpath_destroy
                0x0000000000000000        0xc /home/remon/pebble-dev/PebbleSDK-3.1/Pebble/basalt/lib/libpebble.a(tmpfX6yoapebble.o)
 .text.gpath_draw_filled_legacy
                0x0000000000000000        0xc /home/remon/pebble-dev/PebbleSDK-3.1/Pebble/basalt/lib/libpebble.a(tmpfX6yoapebble.o)
 .text.gpath_draw_outline
                0x0000000000000000        0xc /home/remon/pebble-dev/PebbleSDK-3.1/Pebble/basalt/lib/libpebble.a(tmpfX6yoapebble.o)
 .text.gpath_move_to
                0x0000000000000000        0xc /home/remon/pebble-dev/PebbleSDK-3.1/Pebble/basalt/lib/libpebble.a(tmpfX6yoapebble.o)
 .text.gpath_rotate_to
                0x0000000000000000        0xc /home/remon/pebble-dev/PebbleSDK-3.1/Pebble/basalt/lib/libpebble.a(tmpfX6yoapebble.o)
 .text.gpoint_equal
                0x0000000000000000        0xc /home/remon/pebble-dev/PebbleSDK-3.1/Pebble/basalt/lib/libpebble.a(tmpfX6yoapebble.o)
 .text.graphics_context_set_compositing_mode
                0x0000000000000000        0xc /home/remon/pebble-dev/PebbleSDK-3.1/Pebble/basalt/lib/libpebble.a(tmpfX6yoapebble.o)
 .text.graphics_context_set_fill_color_2bit
                0x0000000000000000        0xc /home/remon/pebble-dev/PebbleSDK-3.1/Pebble/basalt/lib/libpebble.a(tmpfX6yoapebble.o)
 .text.graphics_context_set_stroke_color_2bit
                0x0000000000000000        0xc /home/remon/pebble-dev/PebbleSDK-3.1/Pebble/basalt/lib/libpebble.a(tmpfX6yoapebble.o)
 .text.graphics_context_set_text_color_2bit
                0x0000000000000000        0xc /home/remon/pebble-dev/PebbleSDK-3.1/Pebble/basalt/lib/libpebble.a(tmpfX6yoapebble.o)
 .text.graphics_draw_bitmap_in_rect
                0x0000000000000000        0xc /home/remon/pebble-dev/PebbleSDK-3.1/Pebble/basalt/lib/libpebble.a(tmpfX6yoapebble.o)
 .text.graphics_draw_circle
                0x0000000000000000        0xc /home/remon/pebble-dev/PebbleSDK-3.1/Pebble/basalt/lib/libpebble.a(tmpfX6yoapebble.o)
 .text.graphics_draw_line
                0x0000000000000000        0xc /home/remon/pebble-dev/PebbleSDK-3.1/Pebble/basalt/lib/libpebble.a(tmpfX6yoapebble.o)
 .text.graphics_draw_pixel
                0x0000000000000000        0xc /home/remon/pebble-dev/PebbleSDK-3.1/Pebble/basalt/lib/libpebble.a(tmpfX6yoapebble.o)
 .text.graphics_draw_rect
                0x0000000000000000        0xc /home/remon/pebble-dev/PebbleSDK-3.1/Pebble/basalt/lib/libpebble.a(tmpfX6yoapebble.o)
 .text.graphics_draw_round_rect
                0x0000000000000000        0xc /home/remon/pebble-dev/PebbleSDK-3.1/Pebble/basalt/lib/libpebble.a(tmpfX6yoapebble.o)
 .text.graphics_fill_circle
                0x0000000000000000        0xc /home/remon/pebble-dev/PebbleSDK-3.1/Pebble/basalt/lib/libpebble.a(tmpfX6yoapebble.o)
 .text.graphics_fill_rect
                0x0000000000000000        0xc /home/remon/pebble-dev/PebbleSDK-3.1/Pebble/basalt/lib/libpebble.a(tmpfX6yoapebble.o)
 .text.graphics_text_layout_get_max_used_size
                0x0000000000000000        0xc /home/remon/pebble-dev/PebbleSDK-3.1/Pebble/basalt/lib/libpebble.a(tmpfX6yoapebble.o)
 .text.grect_align
                0x0000000000000000        0xc /home/remon/pebble-dev/PebbleSDK-3.1/Pebble/basalt/lib/libpebble.a(tmpfX6yoapebble.o)
 .text.grect_center_point
                0x0000000000000000        0xc /home/remon/pebble-dev/PebbleSDK-3.1/Pebble/basalt/lib/libpebble.a(tmpfX6yoapebble.o)
 .text.grect_clip
                0x0000000000000000        0xc /home/remon/pebble-dev/PebbleSDK-3.1/Pebble/basalt/lib/libpebble.a(tmpfX6yoapebble.o)
 .text.grect_contains_point
                0x0000000000000000        0xc /home/remon/pebble-dev/PebbleSDK-3.1/Pebble/basalt/lib/libpebble.a(tmpfX6yoapebble.o)
 .text.grect_crop
                0x0000000000000000        0xc /home/remon/pebble-dev/PebbleSDK-3.1/Pebble/basalt/lib/libpebble.a(tmpfX6yoapebble.o)
 .text.grect_equal
                0x0000000000000000        0xc /home/remon/pebble-dev/PebbleSDK-3.1/Pebble/basalt/lib/libpebble.a(tmpfX6yoapebble.o)
 .text.grect_is_empty
                0x0000000000000000        0xc /home/remon/pebble-dev/PebbleSDK-3.1/Pebble/basalt/lib/libpebble.a(tmpfX6yoapebble.o)
 .text.grect_standardize
                0x0000000000000000        0xc /home/remon/pebble-dev/PebbleSDK-3.1/Pebble/basalt/lib/libpebble.a(tmpfX6yoapebble.o)
 .text.gsize_equal
                0x0000000000000000        0xc /home/remon/pebble-dev/PebbleSDK-3.1/Pebble/basalt/lib/libpebble.a(tmpfX6yoapebble.o)
 .text.inverter_layer_create
                0x0000000000000000        0xc /home/remon/pebble-dev/PebbleSDK-3.1/Pebble/basalt/lib/libpebble.a(tmpfX6yoapebble.o)
 .text.inverter_layer_destroy
                0x0000000000000000        0xc /home/remon/pebble-dev/PebbleSDK-3.1/Pebble/basalt/lib/libpebble.a(tmpfX6yoapebble.o)
 .text.inverter_layer_get_layer
                0x0000000000000000        0xc /home/remon/pebble-dev/PebbleSDK-3.1/Pebble/basalt/lib/libpebble.a(tmpfX6yoapebble.o)
 .text.layer_create_with_data
                0x0000000000000000        0xc /home/remon/pebble-dev/PebbleSDK-3.1/Pebble/basalt/lib/libpebble.a(tmpfX6yoapebble.o)
 .text.layer_get_clips
                0x0000000000000000        0xc /home/remon/pebble-dev/PebbleSDK-3.1/Pebble/basalt/lib/libpebble.a(tmpfX6yoapebble.o)
 .text.layer_get_data
                0x0000000000000000        0xc /home/remon/pebble-dev/PebbleSDK-3.1/Pebble/basalt/lib/libpebble.a(tmpfX6yoapebble.o)
 .text.layer_get_frame
                0x0000000000000000        0xc /home/remon/pebble-dev/PebbleSDK-3.1/Pebble/basalt/lib/libpebble.a(tmpfX6yoapebble.o)
 .text.layer_get_hidden
                0x0000000000000000        0xc /home/remon/pebble-dev/PebbleSDK-3.1/Pebble/basalt/lib/libpebble.a(tmpfX6yoapebble.o)
 .text.layer_get_window
                0x0000000000000000        0xc /home/remon/pebble-dev/PebbleSDK-3.1/Pebble/basalt/lib/libpebble.a(tmpfX6yoapebble.o)
 .text.layer_insert_above_sibling
                0x0000000000000000        0xc /home/remon/pebble-dev/PebbleSDK-3.1/Pebble/basalt/lib/libpebble.a(tmpfX6yoapebble.o)
 .text.layer_insert_below_sibling
                0x0000000000000000        0xc /home/remon/pebble-dev/PebbleSDK-3.1/Pebble/basalt/lib/libpebble.a(tmpfX6yoapebble.o)
 .text.layer_mark_dirty
                0x0000000000000000        0xc /home/remon/pebble-dev/PebbleSDK-3.1/Pebble/basalt/lib/libpebble.a(tmpfX6yoapebble.o)
 .text.layer_remove_child_layers
                0x0000000000000000        0xc /home/remon/pebble-dev/PebbleSDK-3.1/Pebble/basalt/lib/libpebble.a(tmpfX6yoapebble.o)
 .text.layer_remove_from_parent
                0x0000000000000000        0xc /home/remon/pebble-dev/PebbleSDK-3.1/Pebble/basalt/lib/libpebble.a(tmpfX6yoapebble.o)
 .text.layer_set_bounds
                0x0000000000000000        0xc /home/remon/pebble-dev/PebbleSDK-3.1/Pebble/basalt/lib/libpebble.a(tmpfX6yoapebble.o)
 .text.layer_set_clips
                0x0000000000000000        0xc /home/remon/pebble-dev/PebbleSDK-3.1/Pebble/basalt/lib/libpebble.a(tmpfX6yoapebble.o)
 .text.layer_set_frame
                0x0000000000000000        0xc /home/remon/pebble-dev/PebbleSDK-3.1/Pebble/basalt/lib/libpebble.a(tmpfX6yoapebble.o)
 .text.layer_set_hidden
                0x0000000000000000        0xc /home/remon/pebble-dev/PebbleSDK-3.1/Pebble/basalt/lib/libpebble.a(tmpfX6yoapebble.o)
 .text.light_enable
                0x0000000000000000        0xc /home/remon/pebble-dev/PebbleSDK-3.1/Pebble/basalt/lib/libpebble.a(tmpfX6yoapebble.o)
 .text.light_enable_interaction
                0x0000000000000000        0xc /home/remon/pebble-dev/PebbleSDK-3.1/Pebble/basalt/lib/libpebble.a(tmpfX6yoapebble.o)
 .text.localtime__deprecated
                0x0000000000000000        0xc /home/remon/pebble-dev/PebbleSDK-3.1/Pebble/basalt/lib/libpebble.a(tmpfX6yoapebble.o)
 .text.malloc   0x0000000000000000        0xc /home/remon/pebble-dev/PebbleSDK-3.1/Pebble/basalt/lib/libpebble.a(tmpfX6yoapebble.o)
 .text.memcpy   0x0000000000000000        0xc /home/remon/pebble-dev/PebbleSDK-3.1/Pebble/basalt/lib/libpebble.a(tmpfX6yoapebble.o)
 .text.memmove  0x0000000000000000        0xc /home/remon/pebble-dev/PebbleSDK-3.1/Pebble/basalt/lib/libpebble.a(tmpfX6yoapebble.o)
 .text.menu_cell_basic_draw
                0x0000000000000000        0xc /home/remon/pebble-dev/PebbleSDK-3.1/Pebble/basalt/lib/libpebble.a(tmpfX6yoapebble.o)
 .text.menu_cell_basic_header_draw
                0x0000000000000000        0xc /home/remon/pebble-dev/PebbleSDK-3.1/Pebble/basalt/lib/libpebble.a(tmpfX6yoapebble.o)
 .text.menu_cell_title_draw
                0x0000000000000000        0xc /home/remon/pebble-dev/PebbleSDK-3.1/Pebble/basalt/lib/libpebble.a(tmpfX6yoapebble.o)
 .text.menu_index_compare
                0x0000000000000000        0xc /home/remon/pebble-dev/PebbleSDK-3.1/Pebble/basalt/lib/libpebble.a(tmpfX6yoapebble.o)
 .text.menu_layer_legacy2_create
                0x0000000000000000        0xc /home/remon/pebble-dev/PebbleSDK-3.1/Pebble/basalt/lib/libpebble.a(tmpfX6yoapebble.o)
 .text.menu_layer_destroy
                0x0000000000000000        0xc /home/remon/pebble-dev/PebbleSDK-3.1/Pebble/basalt/lib/libpebble.a(tmpfX6yoapebble.o)
 .text.menu_layer_get_layer
                0x0000000000000000        0xc /home/remon/pebble-dev/PebbleSDK-3.1/Pebble/basalt/lib/libpebble.a(tmpfX6yoapebble.o)
 .text.menu_layer_get_scroll_layer
                0x0000000000000000        0xc /home/remon/pebble-dev/PebbleSDK-3.1/Pebble/basalt/lib/libpebble.a(tmpfX6yoapebble.o)
 .text.menu_layer_get_selected_index
                0x0000000000000000        0xc /home/remon/pebble-dev/PebbleSDK-3.1/Pebble/basalt/lib/libpebble.a(tmpfX6yoapebble.o)
 .text.menu_layer_reload_data
                0x0000000000000000        0xc /home/remon/pebble-dev/PebbleSDK-3.1/Pebble/basalt/lib/libpebble.a(tmpfX6yoapebble.o)
 .text.menu_layer_legacy2_set_callbacks__deprecated
                0x0000000000000000        0xc /home/remon/pebble-dev/PebbleSDK-3.1/Pebble/basalt/lib/libpebble.a(tmpfX6yoapebble.o)
 .text.menu_layer_set_click_config_onto_window
                0x0000000000000000        0xc /home/remon/pebble-dev/PebbleSDK-3.1/Pebble/basalt/lib/libpebble.a(tmpfX6yoapebble.o)
 .text.menu_layer_set_selected_index
                0x0000000000000000        0xc /home/remon/pebble-dev/PebbleSDK-3.1/Pebble/basalt/lib/libpebble.a(tmpfX6yoapebble.o)
 .text.menu_layer_set_selected_next
                0x0000000000000000        0xc /home/remon/pebble-dev/PebbleSDK-3.1/Pebble/basalt/lib/libpebble.a(tmpfX6yoapebble.o)
 .text.number_window_create
                0x0000000000000000        0xc /home/remon/pebble-dev/PebbleSDK-3.1/Pebble/basalt/lib/libpebble.a(tmpfX6yoapebble.o)
 .text.number_window_destroy
                0x0000000000000000        0xc /home/remon/pebble-dev/PebbleSDK-3.1/Pebble/basalt/lib/libpebble.a(tmpfX6yoapebble.o)
 .text.number_window_get_value
                0x0000000000000000        0xc /home/remon/pebble-dev/PebbleSDK-3.1/Pebble/basalt/lib/libpebble.a(tmpfX6yoapebble.o)
 .text.number_window_set_label
                0x0000000000000000        0xc /home/remon/pebble-dev/PebbleSDK-3.1/Pebble/basalt/lib/libpebble.a(tmpfX6yoapebble.o)
 .text.number_window_set_max
                0x0000000000000000        0xc /home/remon/pebble-dev/PebbleSDK-3.1/Pebble/basalt/lib/libpebble.a(tmpfX6yoapebble.o)
 .text.number_window_set_min
                0x0000000000000000        0xc /home/remon/pebble-dev/PebbleSDK-3.1/Pebble/basalt/lib/libpebble.a(tmpfX6yoapebble.o)
 .text.number_window_set_step_size
                0x0000000000000000        0xc /home/remon/pebble-dev/PebbleSDK-3.1/Pebble/basalt/lib/libpebble.a(tmpfX6yoapebble.o)
 .text.number_window_set_value
                0x0000000000000000        0xc /home/remon/pebble-dev/PebbleSDK-3.1/Pebble/basalt/lib/libpebble.a(tmpfX6yoapebble.o)
 .text.persist_delete
                0x0000000000000000        0xc /home/remon/pebble-dev/PebbleSDK-3.1/Pebble/basalt/lib/libpebble.a(tmpfX6yoapebble.o)
 .text.persist_exists
                0x0000000000000000        0xc /home/remon/pebble-dev/PebbleSDK-3.1/Pebble/basalt/lib/libpebble.a(tmpfX6yoapebble.o)
 .text.persist_get_size
                0x0000000000000000        0xc /home/remon/pebble-dev/PebbleSDK-3.1/Pebble/basalt/lib/libpebble.a(tmpfX6yoapebble.o)
 .text.persist_read_bool
                0x0000000000000000        0xc /home/remon/pebble-dev/PebbleSDK-3.1/Pebble/basalt/lib/libpebble.a(tmpfX6yoapebble.o)
 .text.persist_read_data__deprecated
                0x0000000000000000        0xc /home/remon/pebble-dev/PebbleSDK-3.1/Pebble/basalt/lib/libpebble.a(tmpfX6yoapebble.o)
 .text.persist_read_int
                0x0000000000000000        0xc /home/remon/pebble-dev/PebbleSDK-3.1/Pebble/basalt/lib/libpebble.a(tmpfX6yoapebble.o)
 .text.persist_read_string__deprecated
                0x0000000000000000        0xc /home/remon/pebble-dev/PebbleSDK-3.1/Pebble/basalt/lib/libpebble.a(tmpfX6yoapebble.o)
 .text.persist_write_bool
                0x0000000000000000        0xc /home/remon/pebble-dev/PebbleSDK-3.1/Pebble/basalt/lib/libpebble.a(tmpfX6yoapebble.o)
 .text.persist_write_data__deprecated
                0x0000000000000000        0xc /home/remon/pebble-dev/PebbleSDK-3.1/Pebble/basalt/lib/libpebble.a(tmpfX6yoapebble.o)
 .text.persist_write_int
                0x0000000000000000        0xc /home/remon/pebble-dev/PebbleSDK-3.1/Pebble/basalt/lib/libpebble.a(tmpfX6yoapebble.o)
 .text.persist_write_string
                0x0000000000000000        0xc /home/remon/pebble-dev/PebbleSDK-3.1/Pebble/basalt/lib/libpebble.a(tmpfX6yoapebble.o)
 .text.property_animation_legacy2_create
                0x0000000000000000        0xc /home/remon/pebble-dev/PebbleSDK-3.1/Pebble/basalt/lib/libpebble.a(tmpfX6yoapebble.o)
 .text.property_animation_legacy2_create_layer_frame
                0x0000000000000000        0xc /home/remon/pebble-dev/PebbleSDK-3.1/Pebble/basalt/lib/libpebble.a(tmpfX6yoapebble.o)
 .text.property_animation_legacy2_destroy
                0x0000000000000000        0xc /home/remon/pebble-dev/PebbleSDK-3.1/Pebble/basalt/lib/libpebble.a(tmpfX6yoapebble.o)
 .text.property_animation_legacy2_update_gpoint
                0x0000000000000000        0xc /home/remon/pebble-dev/PebbleSDK-3.1/Pebble/basalt/lib/libpebble.a(tmpfX6yoapebble.o)
 .text.property_animation_legacy2_update_grect
                0x0000000000000000        0xc /home/remon/pebble-dev/PebbleSDK-3.1/Pebble/basalt/lib/libpebble.a(tmpfX6yoapebble.o)
 .text.property_animation_legacy2_update_int16
                0x0000000000000000        0xc /home/remon/pebble-dev/PebbleSDK-3.1/Pebble/basalt/lib/libpebble.a(tmpfX6yoapebble.o)
 .text.psleep   0x0000000000000000        0xc /home/remon/pebble-dev/PebbleSDK-3.1/Pebble/basalt/lib/libpebble.a(tmpfX6yoapebble.o)
 .text.rand     0x0000000000000000        0xc /home/remon/pebble-dev/PebbleSDK-3.1/Pebble/basalt/lib/libpebble.a(tmpfX6yoapebble.o)
 .text.resource_load
                0x0000000000000000        0xc /home/remon/pebble-dev/PebbleSDK-3.1/Pebble/basalt/lib/libpebble.a(tmpfX6yoapebble.o)
 .text.resource_load_byte_range
                0x0000000000000000        0xc /home/remon/pebble-dev/PebbleSDK-3.1/Pebble/basalt/lib/libpebble.a(tmpfX6yoapebble.o)
 .text.resource_size
                0x0000000000000000        0xc /home/remon/pebble-dev/PebbleSDK-3.1/Pebble/basalt/lib/libpebble.a(tmpfX6yoapebble.o)
 .text.rot_bitmap_layer_create
                0x0000000000000000        0xc /home/remon/pebble-dev/PebbleSDK-3.1/Pebble/basalt/lib/libpebble.a(tmpfX6yoapebble.o)
 .text.rot_bitmap_layer_destroy
                0x0000000000000000        0xc /home/remon/pebble-dev/PebbleSDK-3.1/Pebble/basalt/lib/libpebble.a(tmpfX6yoapebble.o)
 .text.rot_bitmap_layer_increment_angle
                0x0000000000000000        0xc /home/remon/pebble-dev/PebbleSDK-3.1/Pebble/basalt/lib/libpebble.a(tmpfX6yoapebble.o)
 .text.rot_bitmap_layer_set_angle
                0x0000000000000000        0xc /home/remon/pebble-dev/PebbleSDK-3.1/Pebble/basalt/lib/libpebble.a(tmpfX6yoapebble.o)
 .text.rot_bitmap_layer_set_corner_clip_color_2bit
                0x0000000000000000        0xc /home/remon/pebble-dev/PebbleSDK-3.1/Pebble/basalt/lib/libpebble.a(tmpfX6yoapebble.o)
 .text.rot_bitmap_set_compositing_mode
                0x0000000000000000        0xc /home/remon/pebble-dev/PebbleSDK-3.1/Pebble/basalt/lib/libpebble.a(tmpfX6yoapebble.o)
 .text.rot_bitmap_set_src_ic
                0x0000000000000000        0xc /home/remon/pebble-dev/PebbleSDK-3.1/Pebble/basalt/lib/libpebble.a(tmpfX6yoapebble.o)
 .text.scroll_layer_add_child
                0x0000000000000000        0xc /home/remon/pebble-dev/PebbleSDK-3.1/Pebble/basalt/lib/libpebble.a(tmpfX6yoapebble.o)
 .text.scroll_layer_create
                0x0000000000000000        0xc /home/remon/pebble-dev/PebbleSDK-3.1/Pebble/basalt/lib/libpebble.a(tmpfX6yoapebble.o)
 .text.scroll_layer_destroy
                0x0000000000000000        0xc /home/remon/pebble-dev/PebbleSDK-3.1/Pebble/basalt/lib/libpebble.a(tmpfX6yoapebble.o)
 .text.scroll_layer_get_content_offset
                0x0000000000000000        0xc /home/remon/pebble-dev/PebbleSDK-3.1/Pebble/basalt/lib/libpebble.a(tmpfX6yoapebble.o)
 .text.scroll_layer_get_content_size
                0x0000000000000000        0xc /home/remon/pebble-dev/PebbleSDK-3.1/Pebble/basalt/lib/libpebble.a(tmpfX6yoapebble.o)
 .text.scroll_layer_get_layer
                0x0000000000000000        0xc /home/remon/pebble-dev/PebbleSDK-3.1/Pebble/basalt/lib/libpebble.a(tmpfX6yoapebble.o)
 .text.scroll_layer_get_shadow_hidden
                0x0000000000000000        0xc /home/remon/pebble-dev/PebbleSDK-3.1/Pebble/basalt/lib/libpebble.a(tmpfX6yoapebble.o)
 .text.scroll_layer_scroll_down_click_handler
                0x0000000000000000        0xc /home/remon/pebble-dev/PebbleSDK-3.1/Pebble/basalt/lib/libpebble.a(tmpfX6yoapebble.o)
 .text.scroll_layer_scroll_up_click_handler
                0x0000000000000000        0xc /home/remon/pebble-dev/PebbleSDK-3.1/Pebble/basalt/lib/libpebble.a(tmpfX6yoapebble.o)
 .text.scroll_layer_set_callbacks
                0x0000000000000000        0xc /home/remon/pebble-dev/PebbleSDK-3.1/Pebble/basalt/lib/libpebble.a(tmpfX6yoapebble.o)
 .text.scroll_layer_set_click_config_onto_window
                0x0000000000000000        0xc /home/remon/pebble-dev/PebbleSDK-3.1/Pebble/basalt/lib/libpebble.a(tmpfX6yoapebble.o)
 .text.scroll_layer_set_content_offset
                0x0000000000000000        0xc /home/remon/pebble-dev/PebbleSDK-3.1/Pebble/basalt/lib/libpebble.a(tmpfX6yoapebble.o)
 .text.scroll_layer_set_content_size
                0x0000000000000000        0xc /home/remon/pebble-dev/PebbleSDK-3.1/Pebble/basalt/lib/libpebble.a(tmpfX6yoapebble.o)
 .text.scroll_layer_set_context
                0x0000000000000000        0xc /home/remon/pebble-dev/PebbleSDK-3.1/Pebble/basalt/lib/libpebble.a(tmpfX6yoapebble.o)
 .text.scroll_layer_set_frame
                0x0000000000000000        0xc /home/remon/pebble-dev/PebbleSDK-3.1/Pebble/basalt/lib/libpebble.a(tmpfX6yoapebble.o)
 .text.scroll_layer_set_shadow_hidden
                0x0000000000000000        0xc /home/remon/pebble-dev/PebbleSDK-3.1/Pebble/basalt/lib/libpebble.a(tmpfX6yoapebble.o)
 .text.simple_menu_layer_create
                0x0000000000000000        0xc /home/remon/pebble-dev/PebbleSDK-3.1/Pebble/basalt/lib/libpebble.a(tmpfX6yoapebble.o)
 .text.simple_menu_layer_destroy
                0x0000000000000000        0xc /home/remon/pebble-dev/PebbleSDK-3.1/Pebble/basalt/lib/libpebble.a(tmpfX6yoapebble.o)
 .text.simple_menu_layer_get_layer
                0x0000000000000000        0xc /home/remon/pebble-dev/PebbleSDK-3.1/Pebble/basalt/lib/libpebble.a(tmpfX6yoapebble.o)
 .text.simple_menu_layer_get_selected_index
                0x0000000000000000        0xc /home/remon/pebble-dev/PebbleSDK-3.1/Pebble/basalt/lib/libpebble.a(tmpfX6yoapebble.o)
 .text.simple_menu_layer_set_selected_index
                0x0000000000000000        0xc /home/remon/pebble-dev/PebbleSDK-3.1/Pebble/basalt/lib/libpebble.a(tmpfX6yoapebble.o)
 .text.sin_lookup
                0x0000000000000000        0xc /home/remon/pebble-dev/PebbleSDK-3.1/Pebble/basalt/lib/libpebble.a(tmpfX6yoapebble.o)
 .text.snprintf
                0x0000000000000000        0xc /home/remon/pebble-dev/PebbleSDK-3.1/Pebble/basalt/lib/libpebble.a(tmpfX6yoapebble.o)
 .text.srand    0x0000000000000000        0xc /home/remon/pebble-dev/PebbleSDK-3.1/Pebble/basalt/lib/libpebble.a(tmpfX6yoapebble.o)
 .text.strcat   0x0000000000000000        0xc /home/remon/pebble-dev/PebbleSDK-3.1/Pebble/basalt/lib/libpebble.a(tmpfX6yoapebble.o)
 .text.strcmp   0x0000000000000000        0xc /home/remon/pebble-dev/PebbleSDK-3.1/Pebble/basalt/lib/libpebble.a(tmpfX6yoapebble.o)
 .text.strcpy   0x0000000000000000        0xc /home/remon/pebble-dev/PebbleSDK-3.1/Pebble/basalt/lib/libpebble.a(tmpfX6yoapebble.o)
 .text.strlen   0x0000000000000000        0xc /home/remon/pebble-dev/PebbleSDK-3.1/Pebble/basalt/lib/libpebble.a(tmpfX6yoapebble.o)
 .text.strncat  0x0000000000000000        0xc /home/remon/pebble-dev/PebbleSDK-3.1/Pebble/basalt/lib/libpebble.a(tmpfX6yoapebble.o)
 .text.strncmp  0x0000000000000000        0xc /home/remon/pebble-dev/PebbleSDK-3.1/Pebble/basalt/lib/libpebble.a(tmpfX6yoapebble.o)
 .text.strncpy  0x0000000000000000        0xc /home/remon/pebble-dev/PebbleSDK-3.1/Pebble/basalt/lib/libpebble.a(tmpfX6yoapebble.o)
 .text.text_layer_legacy2_create
                0x0000000000000000        0xc /home/remon/pebble-dev/PebbleSDK-3.1/Pebble/basalt/lib/libpebble.a(tmpfX6yoapebble.o)
 .text.text_layer_legacy2_destroy
                0x0000000000000000        0xc /home/remon/pebble-dev/PebbleSDK-3.1/Pebble/basalt/lib/libpebble.a(tmpfX6yoapebble.o)
 .text.text_layer_legacy2_get_content_size
                0x0000000000000000        0xc /home/remon/pebble-dev/PebbleSDK-3.1/Pebble/basalt/lib/libpebble.a(tmpfX6yoapebble.o)
 .text.text_layer_legacy2_get_layer
                0x0000000000000000        0xc /home/remon/pebble-dev/PebbleSDK-3.1/Pebble/basalt/lib/libpebble.a(tmpfX6yoapebble.o)
 .text.text_layer_legacy2_get_text
                0x0000000000000000        0xc /home/remon/pebble-dev/PebbleSDK-3.1/Pebble/basalt/lib/libpebble.a(tmpfX6yoapebble.o)
 .text.text_layer_legacy2_set_background_color_2bit
                0x0000000000000000        0xc /home/remon/pebble-dev/PebbleSDK-3.1/Pebble/basalt/lib/libpebble.a(tmpfX6yoapebble.o)
 .text.text_layer_legacy2_set_font
                0x0000000000000000        0xc /home/remon/pebble-dev/PebbleSDK-3.1/Pebble/basalt/lib/libpebble.a(tmpfX6yoapebble.o)
 .text.text_layer_legacy2_set_overflow_mode
                0x0000000000000000        0xc /home/remon/pebble-dev/PebbleSDK-3.1/Pebble/basalt/lib/libpebble.a(tmpfX6yoapebble.o)
 .text.text_layer_legacy2_set_size
                0x0000000000000000        0xc /home/remon/pebble-dev/PebbleSDK-3.1/Pebble/basalt/lib/libpebble.a(tmpfX6yoapebble.o)
 .text.text_layer_legacy2_set_text
                0x0000000000000000        0xc /home/remon/pebble-dev/PebbleSDK-3.1/Pebble/basalt/lib/libpebble.a(tmpfX6yoapebble.o)
 .text.text_layer_legacy2_set_text_alignment
                0x0000000000000000        0xc /home/remon/pebble-dev/PebbleSDK-3.1/Pebble/basalt/lib/libpebble.a(tmpfX6yoapebble.o)
 .text.text_layer_legacy2_set_text_color_2bit
                0x0000000000000000        0xc /home/remon/pebble-dev/PebbleSDK-3.1/Pebble/basalt/lib/libpebble.a(tmpfX6yoapebble.o)
 .text.tick_timer_service_unsubscribe
                0x0000000000000000        0xc /home/remon/pebble-dev/PebbleSDK-3.1/Pebble/basalt/lib/libpebble.a(tmpfX6yoapebble.o)
 .text.time__deprecated
                0x0000000000000000        0xc /home/remon/pebble-dev/PebbleSDK-3.1/Pebble/basalt/lib/libpebble.a(tmpfX6yoapebble.o)
 .text.time_ms_deprecated
                0x0000000000000000        0xc /home/remon/pebble-dev/PebbleSDK-3.1/Pebble/basalt/lib/libpebble.a(tmpfX6yoapebble.o)
 .text.vibes_cancel
                0x0000000000000000        0xc /home/remon/pebble-dev/PebbleSDK-3.1/Pebble/basalt/lib/libpebble.a(tmpfX6yoapebble.o)
 .text.vibes_double_pulse
                0x0000000000000000        0xc /home/remon/pebble-dev/PebbleSDK-3.1/Pebble/basalt/lib/libpebble.a(tmpfX6yoapebble.o)
 .text.vibes_enqueue_custom_pattern
                0x0000000000000000        0xc /home/remon/pebble-dev/PebbleSDK-3.1/Pebble/basalt/lib/libpebble.a(tmpfX6yoapebble.o)
 .text.vibes_long_pulse
                0x0000000000000000        0xc /home/remon/pebble-dev/PebbleSDK-3.1/Pebble/basalt/lib/libpebble.a(tmpfX6yoapebble.o)
 .text.vibes_short_pulse
                0x0000000000000000        0xc /home/remon/pebble-dev/PebbleSDK-3.1/Pebble/basalt/lib/libpebble.a(tmpfX6yoapebble.o)
 .text.window_get_click_config_provider
                0x0000000000000000        0xc /home/remon/pebble-dev/PebbleSDK-3.1/Pebble/basalt/lib/libpebble.a(tmpfX6yoapebble.o)
 .text.window_get_fullscreen
                0x0000000000000000        0xc /home/remon/pebble-dev/PebbleSDK-3.1/Pebble/basalt/lib/libpebble.a(tmpfX6yoapebble.o)
 .text.window_is_loaded
                0x0000000000000000        0xc /home/remon/pebble-dev/PebbleSDK-3.1/Pebble/basalt/lib/libpebble.a(tmpfX6yoapebble.o)
 .text.window_set_background_color_2bit
                0x0000000000000000        0xc /home/remon/pebble-dev/PebbleSDK-3.1/Pebble/basalt/lib/libpebble.a(tmpfX6yoapebble.o)
 .text.window_set_click_config_provider
                0x0000000000000000        0xc /home/remon/pebble-dev/PebbleSDK-3.1/Pebble/basalt/lib/libpebble.a(tmpfX6yoapebble.o)
 .text.window_set_click_config_provider_with_context
                0x0000000000000000        0xc /home/remon/pebble-dev/PebbleSDK-3.1/Pebble/basalt/lib/libpebble.a(tmpfX6yoapebble.o)
 .text.window_set_fullscreen
                0x0000000000000000        0xc /home/remon/pebble-dev/PebbleSDK-3.1/Pebble/basalt/lib/libpebble.a(tmpfX6yoapebble.o)
 .text.window_set_status_bar_icon
                0x0000000000000000        0xc /home/remon/pebble-dev/PebbleSDK-3.1/Pebble/basalt/lib/libpebble.a(tmpfX6yoapebble.o)
 .text.window_stack_contains_window
                0x0000000000000000        0xc /home/remon/pebble-dev/PebbleSDK-3.1/Pebble/basalt/lib/libpebble.a(tmpfX6yoapebble.o)
 .text.window_stack_get_top_window
                0x0000000000000000        0xc /home/remon/pebble-dev/PebbleSDK-3.1/Pebble/basalt/lib/libpebble.a(tmpfX6yoapebble.o)
 .text.window_stack_pop
                0x0000000000000000        0xc /home/remon/pebble-dev/PebbleSDK-3.1/Pebble/basalt/lib/libpebble.a(tmpfX6yoapebble.o)
 .text.window_stack_pop_all
                0x0000000000000000        0xc /home/remon/pebble-dev/PebbleSDK-3.1/Pebble/basalt/lib/libpebble.a(tmpfX6yoapebble.o)
 .text.window_stack_remove
                0x0000000000000000        0xc /home/remon/pebble-dev/PebbleSDK-3.1/Pebble/basalt/lib/libpebble.a(tmpfX6yoapebble.o)
 .text.app_focus_service_subscribe
                0x0000000000000000        0xc /home/remon/pebble-dev/PebbleSDK-3.1/Pebble/basalt/lib/libpebble.a(tmpfX6yoapebble.o)
 .text.app_focus_service_unsubscribe
                0x0000000000000000        0xc /home/remon/pebble-dev/PebbleSDK-3.1/Pebble/basalt/lib/libpebble.a(tmpfX6yoapebble.o)
 .text.window_get_user_data
                0x0000000000000000        0xc /home/remon/pebble-dev/PebbleSDK-3.1/Pebble/basalt/lib/libpebble.a(tmpfX6yoapebble.o)
 .text.window_set_user_data
                0x0000000000000000        0xc /home/remon/pebble-dev/PebbleSDK-3.1/Pebble/basalt/lib/libpebble.a(tmpfX6yoapebble.o)
 .text.app_message_get_context
                0x0000000000000000        0xc /home/remon/pebble-dev/PebbleSDK-3.1/Pebble/basalt/lib/libpebble.a(tmpfX6yoapebble.o)
 .text.app_message_inbox_size_maximum
                0x0000000000000000        0xc /home/remon/pebble-dev/PebbleSDK-3.1/Pebble/basalt/lib/libpebble.a(tmpfX6yoapebble.o)
 .text.app_message_outbox_begin
                0x0000000000000000        0xc /home/remon/pebble-dev/PebbleSDK-3.1/Pebble/basalt/lib/libpebble.a(tmpfX6yoapebble.o)
 .text.app_message_outbox_send
                0x0000000000000000        0xc /home/remon/pebble-dev/PebbleSDK-3.1/Pebble/basalt/lib/libpebble.a(tmpfX6yoapebble.o)
 .text.app_message_outbox_size_maximum
                0x0000000000000000        0xc /home/remon/pebble-dev/PebbleSDK-3.1/Pebble/basalt/lib/libpebble.a(tmpfX6yoapebble.o)
 .text.app_message_register_inbox_dropped
                0x0000000000000000        0xc /home/remon/pebble-dev/PebbleSDK-3.1/Pebble/basalt/lib/libpebble.a(tmpfX6yoapebble.o)
 .text.app_message_register_inbox_received
                0x0000000000000000        0xc /home/remon/pebble-dev/PebbleSDK-3.1/Pebble/basalt/lib/libpebble.a(tmpfX6yoapebble.o)
 .text.app_message_register_outbox_failed
                0x0000000000000000        0xc /home/remon/pebble-dev/PebbleSDK-3.1/Pebble/basalt/lib/libpebble.a(tmpfX6yoapebble.o)
 .text.app_message_register_outbox_sent
                0x0000000000000000        0xc /home/remon/pebble-dev/PebbleSDK-3.1/Pebble/basalt/lib/libpebble.a(tmpfX6yoapebble.o)
 .text.app_message_set_context
                0x0000000000000000        0xc /home/remon/pebble-dev/PebbleSDK-3.1/Pebble/basalt/lib/libpebble.a(tmpfX6yoapebble.o)
 .text.window_long_click_subscribe
                0x0000000000000000        0xc /home/remon/pebble-dev/PebbleSDK-3.1/Pebble/basalt/lib/libpebble.a(tmpfX6yoapebble.o)
 .text.window_multi_click_subscribe
                0x0000000000000000        0xc /home/remon/pebble-dev/PebbleSDK-3.1/Pebble/basalt/lib/libpebble.a(tmpfX6yoapebble.o)
 .text.window_raw_click_subscribe
                0x0000000000000000        0xc /home/remon/pebble-dev/PebbleSDK-3.1/Pebble/basalt/lib/libpebble.a(tmpfX6yoapebble.o)
 .text.window_set_click_context
                0x0000000000000000        0xc /home/remon/pebble-dev/PebbleSDK-3.1/Pebble/basalt/lib/libpebble.a(tmpfX6yoapebble.o)
 .text.window_single_click_subscribe
                0x0000000000000000        0xc /home/remon/pebble-dev/PebbleSDK-3.1/Pebble/basalt/lib/libpebble.a(tmpfX6yoapebble.o)
 .text.window_single_repeating_click_subscribe
                0x0000000000000000        0xc /home/remon/pebble-dev/PebbleSDK-3.1/Pebble/basalt/lib/libpebble.a(tmpfX6yoapebble.o)
 .text.graphics_draw_text
                0x0000000000000000        0xc /home/remon/pebble-dev/PebbleSDK-3.1/Pebble/basalt/lib/libpebble.a(tmpfX6yoapebble.o)
 .text.dict_serialize_tuplets_to_buffer
                0x0000000000000000        0xc /home/remon/pebble-dev/PebbleSDK-3.1/Pebble/basalt/lib/libpebble.a(tmpfX6yoapebble.o)
 .text.persist_read_data
                0x0000000000000000        0xc /home/remon/pebble-dev/PebbleSDK-3.1/Pebble/basalt/lib/libpebble.a(tmpfX6yoapebble.o)
 .text.persist_read_string
                0x0000000000000000        0xc /home/remon/pebble-dev/PebbleSDK-3.1/Pebble/basalt/lib/libpebble.a(tmpfX6yoapebble.o)
 .text.persist_write_data
                0x0000000000000000        0xc /home/remon/pebble-dev/PebbleSDK-3.1/Pebble/basalt/lib/libpebble.a(tmpfX6yoapebble.o)
 .text.dict_size
                0x0000000000000000        0xc /home/remon/pebble-dev/PebbleSDK-3.1/Pebble/basalt/lib/libpebble.a(tmpfX6yoapebble.o)
 .text.graphics_text_layout_get_content_size
                0x0000000000000000        0xc /home/remon/pebble-dev/PebbleSDK-3.1/Pebble/basalt/lib/libpebble.a(tmpfX6yoapebble.o)
 .text.simple_menu_layer_get_menu_layer
                0x0000000000000000        0xc /home/remon/pebble-dev/PebbleSDK-3.1/Pebble/basalt/lib/libpebble.a(tmpfX6yoapebble.o)
 .text.accel_data_service_subscribe
                0x0000000000000000        0xc /home/remon/pebble-dev/PebbleSDK-3.1/Pebble/basalt/lib/libpebble.a(tmpfX6yoapebble.o)
 .text.calloc   0x0000000000000000        0xc /home/remon/pebble-dev/PebbleSDK-3.1/Pebble/basalt/lib/libpebble.a(tmpfX6yoapebble.o)
 .text.bitmap_layer_get_bitmap
                0x0000000000000000        0xc /home/remon/pebble-dev/PebbleSDK-3.1/Pebble/basalt/lib/libpebble.a(tmpfX6yoapebble.o)
 .text.menu_layer_legacy2_set_callbacks
                0x0000000000000000        0xc /home/remon/pebble-dev/PebbleSDK-3.1/Pebble/basalt/lib/libpebble.a(tmpfX6yoapebble.o)
 .text.window_get_click_config_context
                0x0000000000000000        0xc /home/remon/pebble-dev/PebbleSDK-3.1/Pebble/basalt/lib/libpebble.a(tmpfX6yoapebble.o)
 .text.number_window_get_window
                0x0000000000000000        0xc /home/remon/pebble-dev/PebbleSDK-3.1/Pebble/basalt/lib/libpebble.a(tmpfX6yoapebble.o)
 .text.realloc  0x0000000000000000        0xc /home/remon/pebble-dev/PebbleSDK-3.1/Pebble/basalt/lib/libpebble.a(tmpfX6yoapebble.o)
 .text.gbitmap_create_blank_2bit
                0x0000000000000000        0xc /home/remon/pebble-dev/PebbleSDK-3.1/Pebble/basalt/lib/libpebble.a(tmpfX6yoapebble.o)
 .text.click_recognizer_is_repeating
                0x0000000000000000        0xc /home/remon/pebble-dev/PebbleSDK-3.1/Pebble/basalt/lib/libpebble.a(tmpfX6yoapebble.o)
 .text.accel_raw_data_service_subscribe
                0x0000000000000000        0xc /home/remon/pebble-dev/PebbleSDK-3.1/Pebble/basalt/lib/libpebble.a(tmpfX6yoapebble.o)
 .text.app_worker_is_running
                0x0000000000000000        0xc /home/remon/pebble-dev/PebbleSDK-3.1/Pebble/basalt/lib/libpebble.a(tmpfX6yoapebble.o)
 .text.app_worker_kill
                0x0000000000000000        0xc /home/remon/pebble-dev/PebbleSDK-3.1/Pebble/basalt/lib/libpebble.a(tmpfX6yoapebble.o)
 .text.app_worker_launch
                0x0000000000000000        0xc /home/remon/pebble-dev/PebbleSDK-3.1/Pebble/basalt/lib/libpebble.a(tmpfX6yoapebble.o)
 .text.app_worker_message_subscribe
                0x0000000000000000        0xc /home/remon/pebble-dev/PebbleSDK-3.1/Pebble/basalt/lib/libpebble.a(tmpfX6yoapebble.o)
 .text.app_worker_message_unsubscribe
                0x0000000000000000        0xc /home/remon/pebble-dev/PebbleSDK-3.1/Pebble/basalt/lib/libpebble.a(tmpfX6yoapebble.o)
 .text.app_worker_send_message
                0x0000000000000000        0xc /home/remon/pebble-dev/PebbleSDK-3.1/Pebble/basalt/lib/libpebble.a(tmpfX6yoapebble.o)
 .text.worker_event_loop
                0x0000000000000000        0xc /home/remon/pebble-dev/PebbleSDK-3.1/Pebble/basalt/lib/libpebble.a(tmpfX6yoapebble.o)
 .text.worker_launch_app
                0x0000000000000000        0xc /home/remon/pebble-dev/PebbleSDK-3.1/Pebble/basalt/lib/libpebble.a(tmpfX6yoapebble.o)
 .text.heap_bytes_free
                0x0000000000000000        0xc /home/remon/pebble-dev/PebbleSDK-3.1/Pebble/basalt/lib/libpebble.a(tmpfX6yoapebble.o)
 .text.heap_bytes_used
                0x0000000000000000        0xc /home/remon/pebble-dev/PebbleSDK-3.1/Pebble/basalt/lib/libpebble.a(tmpfX6yoapebble.o)
 .text.compass_service_peek
                0x0000000000000000        0xc /home/remon/pebble-dev/PebbleSDK-3.1/Pebble/basalt/lib/libpebble.a(tmpfX6yoapebble.o)
 .text.compass_service_set_heading_filter
                0x0000000000000000        0xc /home/remon/pebble-dev/PebbleSDK-3.1/Pebble/basalt/lib/libpebble.a(tmpfX6yoapebble.o)
 .text.compass_service_subscribe
                0x0000000000000000        0xc /home/remon/pebble-dev/PebbleSDK-3.1/Pebble/basalt/lib/libpebble.a(tmpfX6yoapebble.o)
 .text.compass_service_unsubscribe
                0x0000000000000000        0xc /home/remon/pebble-dev/PebbleSDK-3.1/Pebble/basalt/lib/libpebble.a(tmpfX6yoapebble.o)
 .text.uuid_equal
                0x0000000000000000        0xc /home/remon/pebble-dev/PebbleSDK-3.1/Pebble/basalt/lib/libpebble.a(tmpfX6yoapebble.o)
 .text.uuid_to_string
                0x0000000000000000        0xc /home/remon/pebble-dev/PebbleSDK-3.1/Pebble/basalt/lib/libpebble.a(tmpfX6yoapebble.o)
 .text.gpath_draw_filled
                0x0000000000000000        0xc /home/remon/pebble-dev/PebbleSDK-3.1/Pebble/basalt/lib/libpebble.a(tmpfX6yoapebble.o)
 .text.animation_legacy2_set_custom_curve
                0x0000000000000000        0xc /home/remon/pebble-dev/PebbleSDK-3.1/Pebble/basalt/lib/libpebble.a(tmpfX6yoapebble.o)
 .text.watch_info_get_color
                0x0000000000000000        0xc /home/remon/pebble-dev/PebbleSDK-3.1/Pebble/basalt/lib/libpebble.a(tmpfX6yoapebble.o)
 .text.watch_info_get_firmware_version
                0x0000000000000000        0xc /home/remon/pebble-dev/PebbleSDK-3.1/Pebble/basalt/lib/libpebble.a(tmpfX6yoapebble.o)
 .text.watch_info_get_model
                0x0000000000000000        0xc /home/remon/pebble-dev/PebbleSDK-3.1/Pebble/basalt/lib/libpebble.a(tmpfX6yoapebble.o)
 .text.graphics_capture_frame_buffer_2bit
                0x0000000000000000        0xc /home/remon/pebble-dev/PebbleSDK-3.1/Pebble/basalt/lib/libpebble.a(tmpfX6yoapebble.o)
 .text.graphics_frame_buffer_is_captured
                0x0000000000000000        0xc /home/remon/pebble-dev/PebbleSDK-3.1/Pebble/basalt/lib/libpebble.a(tmpfX6yoapebble.o)
 .text.graphics_release_frame_buffer
                0x0000000000000000        0xc /home/remon/pebble-dev/PebbleSDK-3.1/Pebble/basalt/lib/libpebble.a(tmpfX6yoapebble.o)
 .text.clock_to_timestamp
                0x0000000000000000        0xc /home/remon/pebble-dev/PebbleSDK-3.1/Pebble/basalt/lib/libpebble.a(tmpfX6yoapebble.o)
 .text.launch_reason
                0x0000000000000000        0xc /home/remon/pebble-dev/PebbleSDK-3.1/Pebble/basalt/lib/libpebble.a(tmpfX6yoapebble.o)
 .text.wakeup_cancel
                0x0000000000000000        0xc /home/remon/pebble-dev/PebbleSDK-3.1/Pebble/basalt/lib/libpebble.a(tmpfX6yoapebble.o)
 .text.wakeup_cancel_all
                0x0000000000000000        0xc /home/remon/pebble-dev/PebbleSDK-3.1/Pebble/basalt/lib/libpebble.a(tmpfX6yoapebble.o)
 .text.wakeup_get_launch_event
                0x0000000000000000        0xc /home/remon/pebble-dev/PebbleSDK-3.1/Pebble/basalt/lib/libpebble.a(tmpfX6yoapebble.o)
 .text.wakeup_query
                0x0000000000000000        0xc /home/remon/pebble-dev/PebbleSDK-3.1/Pebble/basalt/lib/libpebble.a(tmpfX6yoapebble.o)
 .text.wakeup_schedule
                0x0000000000000000        0xc /home/remon/pebble-dev/PebbleSDK-3.1/Pebble/basalt/lib/libpebble.a(tmpfX6yoapebble.o)
 .text.wakeup_service_subscribe
                0x0000000000000000        0xc /home/remon/pebble-dev/PebbleSDK-3.1/Pebble/basalt/lib/libpebble.a(tmpfX6yoapebble.o)
 .text.clock_is_timezone_set
                0x0000000000000000        0xc /home/remon/pebble-dev/PebbleSDK-3.1/Pebble/basalt/lib/libpebble.a(tmpfX6yoapebble.o)
 .text.i18n_get_system_locale
                0x0000000000000000        0xc /home/remon/pebble-dev/PebbleSDK-3.1/Pebble/basalt/lib/libpebble.a(tmpfX6yoapebble.o)
 .text._localeconv_r
                0x0000000000000000        0xc /home/remon/pebble-dev/PebbleSDK-3.1/Pebble/basalt/lib/libpebble.a(tmpfX6yoapebble.o)
 .text.setlocale
                0x0000000000000000        0xc /home/remon/pebble-dev/PebbleSDK-3.1/Pebble/basalt/lib/libpebble.a(tmpfX6yoapebble.o)
 .text.mktime   0x0000000000000000        0xc /home/remon/pebble-dev/PebbleSDK-3.1/Pebble/basalt/lib/libpebble.a(tmpfX6yoapebble.o)
 .text.gcolor_equal
                0x0000000000000000        0xc /home/remon/pebble-dev/PebbleSDK-3.1/Pebble/basalt/lib/libpebble.a(tmpfX6yoapebble.o)
 .text.__profiler_init
                0x0000000000000000        0xc /home/remon/pebble-dev/PebbleSDK-3.1/Pebble/basalt/lib/libpebble.a(tmpfX6yoapebble.o)
 .text.__profiler_print_stats
                0x0000000000000000        0xc /home/remon/pebble-dev/PebbleSDK-3.1/Pebble/basalt/lib/libpebble.a(tmpfX6yoapebble.o)
 .text.__profiler_start
                0x0000000000000000        0xc /home/remon/pebble-dev/PebbleSDK-3.1/Pebble/basalt/lib/libpebble.a(tmpfX6yoapebble.o)
 .text.__profiler_stop
                0x0000000000000000        0xc /home/remon/pebble-dev/PebbleSDK-3.1/Pebble/basalt/lib/libpebble.a(tmpfX6yoapebble.o)
 .text.bitmap_layer_set_background_color
                0x0000000000000000        0xc /home/remon/pebble-dev/PebbleSDK-3.1/Pebble/basalt/lib/libpebble.a(tmpfX6yoapebble.o)
 .text.graphics_context_set_fill_color
                0x0000000000000000        0xc /home/remon/pebble-dev/PebbleSDK-3.1/Pebble/basalt/lib/libpebble.a(tmpfX6yoapebble.o)
 .text.graphics_context_set_stroke_color
                0x0000000000000000        0xc /home/remon/pebble-dev/PebbleSDK-3.1/Pebble/basalt/lib/libpebble.a(tmpfX6yoapebble.o)
 .text.graphics_context_set_text_color
                0x0000000000000000        0xc /home/remon/pebble-dev/PebbleSDK-3.1/Pebble/basalt/lib/libpebble.a(tmpfX6yoapebble.o)
 .text.rot_bitmap_layer_set_corner_clip_color
                0x0000000000000000        0xc /home/remon/pebble-dev/PebbleSDK-3.1/Pebble/basalt/lib/libpebble.a(tmpfX6yoapebble.o)
 .text.clock_get_timezone
                0x0000000000000000        0xc /home/remon/pebble-dev/PebbleSDK-3.1/Pebble/basalt/lib/libpebble.a(tmpfX6yoapebble.o)
 .text.localtime
                0x0000000000000000        0xc /home/remon/pebble-dev/PebbleSDK-3.1/Pebble/basalt/lib/libpebble.a(tmpfX6yoapebble.o)
 .text.animation_create
                0x0000000000000000        0xc /home/remon/pebble-dev/PebbleSDK-3.1/Pebble/basalt/lib/libpebble.a(tmpfX6yoapebble.o)
 .text.animation_destroy
                0x0000000000000000        0xc /home/remon/pebble-dev/PebbleSDK-3.1/Pebble/basalt/lib/libpebble.a(tmpfX6yoapebble.o)
 .text.animation_get_context
                0x0000000000000000        0xc /home/remon/pebble-dev/PebbleSDK-3.1/Pebble/basalt/lib/libpebble.a(tmpfX6yoapebble.o)
 .text.animation_is_scheduled
                0x0000000000000000        0xc /home/remon/pebble-dev/PebbleSDK-3.1/Pebble/basalt/lib/libpebble.a(tmpfX6yoapebble.o)
 .text.animation_schedule
                0x0000000000000000        0xc /home/remon/pebble-dev/PebbleSDK-3.1/Pebble/basalt/lib/libpebble.a(tmpfX6yoapebble.o)
 .text.animation_set_curve
                0x0000000000000000        0xc /home/remon/pebble-dev/PebbleSDK-3.1/Pebble/basalt/lib/libpebble.a(tmpfX6yoapebble.o)
 .text.animation_set_custom_curve
                0x0000000000000000        0xc /home/remon/pebble-dev/PebbleSDK-3.1/Pebble/basalt/lib/libpebble.a(tmpfX6yoapebble.o)
 .text.animation_set_delay
                0x0000000000000000        0xc /home/remon/pebble-dev/PebbleSDK-3.1/Pebble/basalt/lib/libpebble.a(tmpfX6yoapebble.o)
 .text.animation_set_duration
                0x0000000000000000        0xc /home/remon/pebble-dev/PebbleSDK-3.1/Pebble/basalt/lib/libpebble.a(tmpfX6yoapebble.o)
 .text.animation_set_handlers
                0x0000000000000000        0xc /home/remon/pebble-dev/PebbleSDK-3.1/Pebble/basalt/lib/libpebble.a(tmpfX6yoapebble.o)
 .text.animation_set_implementation
                0x0000000000000000        0xc /home/remon/pebble-dev/PebbleSDK-3.1/Pebble/basalt/lib/libpebble.a(tmpfX6yoapebble.o)
 .text.animation_unschedule
                0x0000000000000000        0xc /home/remon/pebble-dev/PebbleSDK-3.1/Pebble/basalt/lib/libpebble.a(tmpfX6yoapebble.o)
 .text.animation_unschedule_all
                0x0000000000000000        0xc /home/remon/pebble-dev/PebbleSDK-3.1/Pebble/basalt/lib/libpebble.a(tmpfX6yoapebble.o)
 .text.gbitmap_create_blank
                0x0000000000000000        0xc /home/remon/pebble-dev/PebbleSDK-3.1/Pebble/basalt/lib/libpebble.a(tmpfX6yoapebble.o)
 .text.graphics_capture_frame_buffer
                0x0000000000000000        0xc /home/remon/pebble-dev/PebbleSDK-3.1/Pebble/basalt/lib/libpebble.a(tmpfX6yoapebble.o)
 .text.graphics_capture_frame_buffer_format
                0x0000000000000000        0xc /home/remon/pebble-dev/PebbleSDK-3.1/Pebble/basalt/lib/libpebble.a(tmpfX6yoapebble.o)
 .text.property_animation_create
                0x0000000000000000        0xc /home/remon/pebble-dev/PebbleSDK-3.1/Pebble/basalt/lib/libpebble.a(tmpfX6yoapebble.o)
 .text.property_animation_create_layer_frame
                0x0000000000000000        0xc /home/remon/pebble-dev/PebbleSDK-3.1/Pebble/basalt/lib/libpebble.a(tmpfX6yoapebble.o)
 .text.property_animation_destroy
                0x0000000000000000        0xc /home/remon/pebble-dev/PebbleSDK-3.1/Pebble/basalt/lib/libpebble.a(tmpfX6yoapebble.o)
 .text.property_animation_from
                0x0000000000000000        0xc /home/remon/pebble-dev/PebbleSDK-3.1/Pebble/basalt/lib/libpebble.a(tmpfX6yoapebble.o)
 .text.property_animation_get_animation
                0x0000000000000000        0xc /home/remon/pebble-dev/PebbleSDK-3.1/Pebble/basalt/lib/libpebble.a(tmpfX6yoapebble.o)
 .text.property_animation_subject
                0x0000000000000000        0xc /home/remon/pebble-dev/PebbleSDK-3.1/Pebble/basalt/lib/libpebble.a(tmpfX6yoapebble.o)
 .text.property_animation_to
                0x0000000000000000        0xc /home/remon/pebble-dev/PebbleSDK-3.1/Pebble/basalt/lib/libpebble.a(tmpfX6yoapebble.o)
 .text.property_animation_update_gpoint
                0x0000000000000000        0xc /home/remon/pebble-dev/PebbleSDK-3.1/Pebble/basalt/lib/libpebble.a(tmpfX6yoapebble.o)
 .text.property_animation_update_grect
                0x0000000000000000        0xc /home/remon/pebble-dev/PebbleSDK-3.1/Pebble/basalt/lib/libpebble.a(tmpfX6yoapebble.o)
 .text.property_animation_update_int16
                0x0000000000000000        0xc /home/remon/pebble-dev/PebbleSDK-3.1/Pebble/basalt/lib/libpebble.a(tmpfX6yoapebble.o)
 .text.gbitmap_create_blank_with_palette
                0x0000000000000000        0xc /home/remon/pebble-dev/PebbleSDK-3.1/Pebble/basalt/lib/libpebble.a(tmpfX6yoapebble.o)
 .text.gbitmap_get_bounds
                0x0000000000000000        0xc /home/remon/pebble-dev/PebbleSDK-3.1/Pebble/basalt/lib/libpebble.a(tmpfX6yoapebble.o)
 .text.gbitmap_get_bytes_per_row
                0x0000000000000000        0xc /home/remon/pebble-dev/PebbleSDK-3.1/Pebble/basalt/lib/libpebble.a(tmpfX6yoapebble.o)
 .text.gbitmap_get_data
                0x0000000000000000        0xc /home/remon/pebble-dev/PebbleSDK-3.1/Pebble/basalt/lib/libpebble.a(tmpfX6yoapebble.o)
 .text.gbitmap_get_format
                0x0000000000000000        0xc /home/remon/pebble-dev/PebbleSDK-3.1/Pebble/basalt/lib/libpebble.a(tmpfX6yoapebble.o)
 .text.gbitmap_get_palette
                0x0000000000000000        0xc /home/remon/pebble-dev/PebbleSDK-3.1/Pebble/basalt/lib/libpebble.a(tmpfX6yoapebble.o)
 .text.gbitmap_set_bounds
                0x0000000000000000        0xc /home/remon/pebble-dev/PebbleSDK-3.1/Pebble/basalt/lib/libpebble.a(tmpfX6yoapebble.o)
 .text.gbitmap_set_data
                0x0000000000000000        0xc /home/remon/pebble-dev/PebbleSDK-3.1/Pebble/basalt/lib/libpebble.a(tmpfX6yoapebble.o)
 .text.gbitmap_set_palette
                0x0000000000000000        0xc /home/remon/pebble-dev/PebbleSDK-3.1/Pebble/basalt/lib/libpebble.a(tmpfX6yoapebble.o)
 .text.gbitmap_sequence_create_with_resource
                0x0000000000000000        0xc /home/remon/pebble-dev/PebbleSDK-3.1/Pebble/basalt/lib/libpebble.a(tmpfX6yoapebble.o)
 .text.gbitmap_sequence_destroy
                0x0000000000000000        0xc /home/remon/pebble-dev/PebbleSDK-3.1/Pebble/basalt/lib/libpebble.a(tmpfX6yoapebble.o)
 .text.gbitmap_sequence_get_bitmap_size
                0x0000000000000000        0xc /home/remon/pebble-dev/PebbleSDK-3.1/Pebble/basalt/lib/libpebble.a(tmpfX6yoapebble.o)
 .text.gbitmap_sequence_get_current_frame_idx
                0x0000000000000000        0xc /home/remon/pebble-dev/PebbleSDK-3.1/Pebble/basalt/lib/libpebble.a(tmpfX6yoapebble.o)
 .text.gbitmap_sequence_get_total_num_frames
                0x0000000000000000        0xc /home/remon/pebble-dev/PebbleSDK-3.1/Pebble/basalt/lib/libpebble.a(tmpfX6yoapebble.o)
 .text.gbitmap_sequence_update_bitmap_next_frame
                0x0000000000000000        0xc /home/remon/pebble-dev/PebbleSDK-3.1/Pebble/basalt/lib/libpebble.a(tmpfX6yoapebble.o)
 .text.gbitmap_create_from_png_data
                0x0000000000000000        0xc /home/remon/pebble-dev/PebbleSDK-3.1/Pebble/basalt/lib/libpebble.a(tmpfX6yoapebble.o)
 .text.animation_clone
                0x0000000000000000        0xc /home/remon/pebble-dev/PebbleSDK-3.1/Pebble/basalt/lib/libpebble.a(tmpfX6yoapebble.o)
 .text.animation_get_delay
                0x0000000000000000        0xc /home/remon/pebble-dev/PebbleSDK-3.1/Pebble/basalt/lib/libpebble.a(tmpfX6yoapebble.o)
 .text.animation_get_duration
                0x0000000000000000        0xc /home/remon/pebble-dev/PebbleSDK-3.1/Pebble/basalt/lib/libpebble.a(tmpfX6yoapebble.o)
 .text.animation_get_play_count
                0x0000000000000000        0xc /home/remon/pebble-dev/PebbleSDK-3.1/Pebble/basalt/lib/libpebble.a(tmpfX6yoapebble.o)
 .text.animation_get_elapsed
                0x0000000000000000        0xc /home/remon/pebble-dev/PebbleSDK-3.1/Pebble/basalt/lib/libpebble.a(tmpfX6yoapebble.o)
 .text.animation_get_reverse
                0x0000000000000000        0xc /home/remon/pebble-dev/PebbleSDK-3.1/Pebble/basalt/lib/libpebble.a(tmpfX6yoapebble.o)
 .text.animation_sequence_create
                0x0000000000000000        0xc /home/remon/pebble-dev/PebbleSDK-3.1/Pebble/basalt/lib/libpebble.a(tmpfX6yoapebble.o)
 .text.animation_sequence_create_from_array
                0x0000000000000000        0xc /home/remon/pebble-dev/PebbleSDK-3.1/Pebble/basalt/lib/libpebble.a(tmpfX6yoapebble.o)
 .text.animation_set_play_count
                0x0000000000000000        0xc /home/remon/pebble-dev/PebbleSDK-3.1/Pebble/basalt/lib/libpebble.a(tmpfX6yoapebble.o)
 .text.animation_set_elapsed
                0x0000000000000000        0xc /home/remon/pebble-dev/PebbleSDK-3.1/Pebble/basalt/lib/libpebble.a(tmpfX6yoapebble.o)
 .text.animation_set_reverse
                0x0000000000000000        0xc /home/remon/pebble-dev/PebbleSDK-3.1/Pebble/basalt/lib/libpebble.a(tmpfX6yoapebble.o)
 .text.animation_spawn_create
                0x0000000000000000        0xc /home/remon/pebble-dev/PebbleSDK-3.1/Pebble/basalt/lib/libpebble.a(tmpfX6yoapebble.o)
 .text.animation_spawn_create_from_array
                0x0000000000000000        0xc /home/remon/pebble-dev/PebbleSDK-3.1/Pebble/basalt/lib/libpebble.a(tmpfX6yoapebble.o)
 .text.animation_get_curve
                0x0000000000000000        0xc /home/remon/pebble-dev/PebbleSDK-3.1/Pebble/basalt/lib/libpebble.a(tmpfX6yoapebble.o)
 .text.animation_get_custom_curve
                0x0000000000000000        0xc /home/remon/pebble-dev/PebbleSDK-3.1/Pebble/basalt/lib/libpebble.a(tmpfX6yoapebble.o)
 .text.animation_get_implementation
                0x0000000000000000        0xc /home/remon/pebble-dev/PebbleSDK-3.1/Pebble/basalt/lib/libpebble.a(tmpfX6yoapebble.o)
 .text.launch_get_args
                0x0000000000000000        0xc /home/remon/pebble-dev/PebbleSDK-3.1/Pebble/basalt/lib/libpebble.a(tmpfX6yoapebble.o)
 .text.menu_layer_create
                0x0000000000000000        0xc /home/remon/pebble-dev/PebbleSDK-3.1/Pebble/basalt/lib/libpebble.a(tmpfX6yoapebble.o)
 .text.gbitmap_sequence_get_play_count
                0x0000000000000000        0xc /home/remon/pebble-dev/PebbleSDK-3.1/Pebble/basalt/lib/libpebble.a(tmpfX6yoapebble.o)
 .text.gbitmap_sequence_restart
                0x0000000000000000        0xc /home/remon/pebble-dev/PebbleSDK-3.1/Pebble/basalt/lib/libpebble.a(tmpfX6yoapebble.o)
 .text.gbitmap_sequence_set_play_count
                0x0000000000000000        0xc /home/remon/pebble-dev/PebbleSDK-3.1/Pebble/basalt/lib/libpebble.a(tmpfX6yoapebble.o)
 .text.graphics_context_set_antialiased
                0x0000000000000000        0xc /home/remon/pebble-dev/PebbleSDK-3.1/Pebble/basalt/lib/libpebble.a(tmpfX6yoapebble.o)
 .text.graphics_context_set_stroke_width
                0x0000000000000000        0xc /home/remon/pebble-dev/PebbleSDK-3.1/Pebble/basalt/lib/libpebble.a(tmpfX6yoapebble.o)
 .text.action_bar_layer_add_to_window
                0x0000000000000000        0xc /home/remon/pebble-dev/PebbleSDK-3.1/Pebble/basalt/lib/libpebble.a(tmpfX6yoapebble.o)
 .text.action_bar_layer_clear_icon
                0x0000000000000000        0xc /home/remon/pebble-dev/PebbleSDK-3.1/Pebble/basalt/lib/libpebble.a(tmpfX6yoapebble.o)
 .text.action_bar_layer_create
                0x0000000000000000        0xc /home/remon/pebble-dev/PebbleSDK-3.1/Pebble/basalt/lib/libpebble.a(tmpfX6yoapebble.o)
 .text.action_bar_layer_destroy
                0x0000000000000000        0xc /home/remon/pebble-dev/PebbleSDK-3.1/Pebble/basalt/lib/libpebble.a(tmpfX6yoapebble.o)
 .text.action_bar_layer_get_layer
                0x0000000000000000        0xc /home/remon/pebble-dev/PebbleSDK-3.1/Pebble/basalt/lib/libpebble.a(tmpfX6yoapebble.o)
 .text.action_bar_layer_remove_from_window
                0x0000000000000000        0xc /home/remon/pebble-dev/PebbleSDK-3.1/Pebble/basalt/lib/libpebble.a(tmpfX6yoapebble.o)
 .text.action_bar_layer_set_background_color
                0x0000000000000000        0xc /home/remon/pebble-dev/PebbleSDK-3.1/Pebble/basalt/lib/libpebble.a(tmpfX6yoapebble.o)
 .text.action_bar_layer_set_click_config_provider
                0x0000000000000000        0xc /home/remon/pebble-dev/PebbleSDK-3.1/Pebble/basalt/lib/libpebble.a(tmpfX6yoapebble.o)
 .text.action_bar_layer_set_context
                0x0000000000000000        0xc /home/remon/pebble-dev/PebbleSDK-3.1/Pebble/basalt/lib/libpebble.a(tmpfX6yoapebble.o)
 .text.action_bar_layer_set_icon
                0x0000000000000000        0xc /home/remon/pebble-dev/PebbleSDK-3.1/Pebble/basalt/lib/libpebble.a(tmpfX6yoapebble.o)
 .text.action_bar_layer_set_icon_animated
                0x0000000000000000        0xc /home/remon/pebble-dev/PebbleSDK-3.1/Pebble/basalt/lib/libpebble.a(tmpfX6yoapebble.o)
 .text.gbitmap_sequence_update_bitmap_by_elapsed
                0x0000000000000000        0xc /home/remon/pebble-dev/PebbleSDK-3.1/Pebble/basalt/lib/libpebble.a(tmpfX6yoapebble.o)
 .text.gbitmap_create_palettized_from_1bit
                0x0000000000000000        0xc /home/remon/pebble-dev/PebbleSDK-3.1/Pebble/basalt/lib/libpebble.a(tmpfX6yoapebble.o)
 .text.menu_cell_layer_is_highlighted
                0x0000000000000000        0xc /home/remon/pebble-dev/PebbleSDK-3.1/Pebble/basalt/lib/libpebble.a(tmpfX6yoapebble.o)
 .text.graphics_draw_rotated_bitmap
                0x0000000000000000        0xc /home/remon/pebble-dev/PebbleSDK-3.1/Pebble/basalt/lib/libpebble.a(tmpfX6yoapebble.o)
 .text.action_bar_layer_set_icon_press_animation
                0x0000000000000000        0xc /home/remon/pebble-dev/PebbleSDK-3.1/Pebble/basalt/lib/libpebble.a(tmpfX6yoapebble.o)
 .text.text_layer_get_content_size
                0x0000000000000000        0xc /home/remon/pebble-dev/PebbleSDK-3.1/Pebble/basalt/lib/libpebble.a(tmpfX6yoapebble.o)
 .text.text_layer_get_layer
                0x0000000000000000        0xc /home/remon/pebble-dev/PebbleSDK-3.1/Pebble/basalt/lib/libpebble.a(tmpfX6yoapebble.o)
 .text.text_layer_get_text
                0x0000000000000000        0xc /home/remon/pebble-dev/PebbleSDK-3.1/Pebble/basalt/lib/libpebble.a(tmpfX6yoapebble.o)
 .text.text_layer_set_background_color
                0x0000000000000000        0xc /home/remon/pebble-dev/PebbleSDK-3.1/Pebble/basalt/lib/libpebble.a(tmpfX6yoapebble.o)
 .text.text_layer_set_overflow_mode
                0x0000000000000000        0xc /home/remon/pebble-dev/PebbleSDK-3.1/Pebble/basalt/lib/libpebble.a(tmpfX6yoapebble.o)
 .text.text_layer_set_size
                0x0000000000000000        0xc /home/remon/pebble-dev/PebbleSDK-3.1/Pebble/basalt/lib/libpebble.a(tmpfX6yoapebble.o)
 .text.text_layer_set_text_color
                0x0000000000000000        0xc /home/remon/pebble-dev/PebbleSDK-3.1/Pebble/basalt/lib/libpebble.a(tmpfX6yoapebble.o)
 .text.gdraw_command_draw
                0x0000000000000000        0xc /home/remon/pebble-dev/PebbleSDK-3.1/Pebble/basalt/lib/libpebble.a(tmpfX6yoapebble.o)
 .text.gdraw_command_frame_draw
                0x0000000000000000        0xc /home/remon/pebble-dev/PebbleSDK-3.1/Pebble/basalt/lib/libpebble.a(tmpfX6yoapebble.o)
 .text.gdraw_command_frame_get_duration
                0x0000000000000000        0xc /home/remon/pebble-dev/PebbleSDK-3.1/Pebble/basalt/lib/libpebble.a(tmpfX6yoapebble.o)
 .text.gdraw_command_frame_set_duration
                0x0000000000000000        0xc /home/remon/pebble-dev/PebbleSDK-3.1/Pebble/basalt/lib/libpebble.a(tmpfX6yoapebble.o)
 .text.gdraw_command_get_fill_color
                0x0000000000000000        0xc /home/remon/pebble-dev/PebbleSDK-3.1/Pebble/basalt/lib/libpebble.a(tmpfX6yoapebble.o)
 .text.gdraw_command_get_hidden
                0x0000000000000000        0xc /home/remon/pebble-dev/PebbleSDK-3.1/Pebble/basalt/lib/libpebble.a(tmpfX6yoapebble.o)
 .text.gdraw_command_get_num_points
                0x0000000000000000        0xc /home/remon/pebble-dev/PebbleSDK-3.1/Pebble/basalt/lib/libpebble.a(tmpfX6yoapebble.o)
 .text.gdraw_command_get_path_open
                0x0000000000000000        0xc /home/remon/pebble-dev/PebbleSDK-3.1/Pebble/basalt/lib/libpebble.a(tmpfX6yoapebble.o)
 .text.gdraw_command_get_point
                0x0000000000000000        0xc /home/remon/pebble-dev/PebbleSDK-3.1/Pebble/basalt/lib/libpebble.a(tmpfX6yoapebble.o)
 .text.gdraw_command_get_radius
                0x0000000000000000        0xc /home/remon/pebble-dev/PebbleSDK-3.1/Pebble/basalt/lib/libpebble.a(tmpfX6yoapebble.o)
 .text.gdraw_command_get_stroke_color
                0x0000000000000000        0xc /home/remon/pebble-dev/PebbleSDK-3.1/Pebble/basalt/lib/libpebble.a(tmpfX6yoapebble.o)
 .text.gdraw_command_get_stroke_width
                0x0000000000000000        0xc /home/remon/pebble-dev/PebbleSDK-3.1/Pebble/basalt/lib/libpebble.a(tmpfX6yoapebble.o)
 .text.gdraw_command_get_type
                0x0000000000000000        0xc /home/remon/pebble-dev/PebbleSDK-3.1/Pebble/basalt/lib/libpebble.a(tmpfX6yoapebble.o)
 .text.gdraw_command_image_clone
                0x0000000000000000        0xc /home/remon/pebble-dev/PebbleSDK-3.1/Pebble/basalt/lib/libpebble.a(tmpfX6yoapebble.o)
 .text.gdraw_command_image_get_command_list
                0x0000000000000000        0xc /home/remon/pebble-dev/PebbleSDK-3.1/Pebble/basalt/lib/libpebble.a(tmpfX6yoapebble.o)
 .text.gdraw_command_list_draw
                0x0000000000000000        0xc /home/remon/pebble-dev/PebbleSDK-3.1/Pebble/basalt/lib/libpebble.a(tmpfX6yoapebble.o)
 .text.gdraw_command_list_get_command
                0x0000000000000000        0xc /home/remon/pebble-dev/PebbleSDK-3.1/Pebble/basalt/lib/libpebble.a(tmpfX6yoapebble.o)
 .text.gdraw_command_list_get_num_commands
                0x0000000000000000        0xc /home/remon/pebble-dev/PebbleSDK-3.1/Pebble/basalt/lib/libpebble.a(tmpfX6yoapebble.o)
 .text.gdraw_command_list_iterate
                0x0000000000000000        0xc /home/remon/pebble-dev/PebbleSDK-3.1/Pebble/basalt/lib/libpebble.a(tmpfX6yoapebble.o)
 .text.gdraw_command_sequence_clone
                0x0000000000000000        0xc /home/remon/pebble-dev/PebbleSDK-3.1/Pebble/basalt/lib/libpebble.a(tmpfX6yoapebble.o)
 .text.gdraw_command_sequence_create_with_resource
                0x0000000000000000        0xc /home/remon/pebble-dev/PebbleSDK-3.1/Pebble/basalt/lib/libpebble.a(tmpfX6yoapebble.o)
 .text.gdraw_command_sequence_destroy
                0x0000000000000000        0xc /home/remon/pebble-dev/PebbleSDK-3.1/Pebble/basalt/lib/libpebble.a(tmpfX6yoapebble.o)
 .text.gdraw_command_sequence_get_bounds_size
                0x0000000000000000        0xc /home/remon/pebble-dev/PebbleSDK-3.1/Pebble/basalt/lib/libpebble.a(tmpfX6yoapebble.o)
 .text.gdraw_command_sequence_get_frame_by_elapsed
                0x0000000000000000        0xc /home/remon/pebble-dev/PebbleSDK-3.1/Pebble/basalt/lib/libpebble.a(tmpfX6yoapebble.o)
 .text.gdraw_command_sequence_get_frame_by_index
                0x0000000000000000        0xc /home/remon/pebble-dev/PebbleSDK-3.1/Pebble/basalt/lib/libpebble.a(tmpfX6yoapebble.o)
 .text.gdraw_command_sequence_get_num_frames
                0x0000000000000000        0xc /home/remon/pebble-dev/PebbleSDK-3.1/Pebble/basalt/lib/libpebble.a(tmpfX6yoapebble.o)
 .text.gdraw_command_sequence_get_play_count
                0x0000000000000000        0xc /home/remon/pebble-dev/PebbleSDK-3.1/Pebble/basalt/lib/libpebble.a(tmpfX6yoapebble.o)
 .text.gdraw_command_sequence_get_total_duration
                0x0000000000000000        0xc /home/remon/pebble-dev/PebbleSDK-3.1/Pebble/basalt/lib/libpebble.a(tmpfX6yoapebble.o)
 .text.gdraw_command_sequence_set_bounds_size
                0x0000000000000000        0xc /home/remon/pebble-dev/PebbleSDK-3.1/Pebble/basalt/lib/libpebble.a(tmpfX6yoapebble.o)
 .text.gdraw_command_sequence_set_play_count
                0x0000000000000000        0xc /home/remon/pebble-dev/PebbleSDK-3.1/Pebble/basalt/lib/libpebble.a(tmpfX6yoapebble.o)
 .text.gdraw_command_set_fill_color
                0x0000000000000000        0xc /home/remon/pebble-dev/PebbleSDK-3.1/Pebble/basalt/lib/libpebble.a(tmpfX6yoapebble.o)
 .text.gdraw_command_set_hidden
                0x0000000000000000        0xc /home/remon/pebble-dev/PebbleSDK-3.1/Pebble/basalt/lib/libpebble.a(tmpfX6yoapebble.o)
 .text.gdraw_command_set_path_open
                0x0000000000000000        0xc /home/remon/pebble-dev/PebbleSDK-3.1/Pebble/basalt/lib/libpebble.a(tmpfX6yoapebble.o)
 .text.gdraw_command_set_point
                0x0000000000000000        0xc /home/remon/pebble-dev/PebbleSDK-3.1/Pebble/basalt/lib/libpebble.a(tmpfX6yoapebble.o)
 .text.gdraw_command_set_radius
                0x0000000000000000        0xc /home/remon/pebble-dev/PebbleSDK-3.1/Pebble/basalt/lib/libpebble.a(tmpfX6yoapebble.o)
 .text.gdraw_command_set_stroke_color
                0x0000000000000000        0xc /home/remon/pebble-dev/PebbleSDK-3.1/Pebble/basalt/lib/libpebble.a(tmpfX6yoapebble.o)
 .text.gdraw_command_set_stroke_width
                0x0000000000000000        0xc /home/remon/pebble-dev/PebbleSDK-3.1/Pebble/basalt/lib/libpebble.a(tmpfX6yoapebble.o)
 .text.property_animation_create_bounds_origin
                0x0000000000000000        0xc /home/remon/pebble-dev/PebbleSDK-3.1/Pebble/basalt/lib/libpebble.a(tmpfX6yoapebble.o)
 .text.property_animation_update_uint32
                0x0000000000000000        0xc /home/remon/pebble-dev/PebbleSDK-3.1/Pebble/basalt/lib/libpebble.a(tmpfX6yoapebble.o)
 .text.gpath_draw_outline_open
                0x0000000000000000        0xc /home/remon/pebble-dev/PebbleSDK-3.1/Pebble/basalt/lib/libpebble.a(tmpfX6yoapebble.o)
 .text.time     0x0000000000000000        0xc /home/remon/pebble-dev/PebbleSDK-3.1/Pebble/basalt/lib/libpebble.a(tmpfX6yoapebble.o)
 .text.menu_layer_set_highlight_colors
                0x0000000000000000        0xc /home/remon/pebble-dev/PebbleSDK-3.1/Pebble/basalt/lib/libpebble.a(tmpfX6yoapebble.o)
 .text.menu_layer_set_normal_colors
                0x0000000000000000        0xc /home/remon/pebble-dev/PebbleSDK-3.1/Pebble/basalt/lib/libpebble.a(tmpfX6yoapebble.o)
 .text.menu_layer_set_callbacks
                0x0000000000000000        0xc /home/remon/pebble-dev/PebbleSDK-3.1/Pebble/basalt/lib/libpebble.a(tmpfX6yoapebble.o)
 .text.menu_layer_pad_bottom_enable
                0x0000000000000000        0xc /home/remon/pebble-dev/PebbleSDK-3.1/Pebble/basalt/lib/libpebble.a(tmpfX6yoapebble.o)
 .text.status_bar_layer_create
                0x0000000000000000        0xc /home/remon/pebble-dev/PebbleSDK-3.1/Pebble/basalt/lib/libpebble.a(tmpfX6yoapebble.o)
 .text.status_bar_layer_destroy
                0x0000000000000000        0xc /home/remon/pebble-dev/PebbleSDK-3.1/Pebble/basalt/lib/libpebble.a(tmpfX6yoapebble.o)
 .text.status_bar_layer_get_background_color
                0x0000000000000000        0xc /home/remon/pebble-dev/PebbleSDK-3.1/Pebble/basalt/lib/libpebble.a(tmpfX6yoapebble.o)
 .text.status_bar_layer_get_foreground_color
                0x0000000000000000        0xc /home/remon/pebble-dev/PebbleSDK-3.1/Pebble/basalt/lib/libpebble.a(tmpfX6yoapebble.o)
 .text.status_bar_layer_get_layer
                0x0000000000000000        0xc /home/remon/pebble-dev/PebbleSDK-3.1/Pebble/basalt/lib/libpebble.a(tmpfX6yoapebble.o)
 .text.status_bar_layer_set_colors
                0x0000000000000000        0xc /home/remon/pebble-dev/PebbleSDK-3.1/Pebble/basalt/lib/libpebble.a(tmpfX6yoapebble.o)
 .text.status_bar_layer_set_separator_mode
                0x0000000000000000        0xc /home/remon/pebble-dev/PebbleSDK-3.1/Pebble/basalt/lib/libpebble.a(tmpfX6yoapebble.o)
 .text.difftime
                0x0000000000000000        0xc /home/remon/pebble-dev/PebbleSDK-3.1/Pebble/basalt/lib/libpebble.a(tmpfX6yoapebble.o)
 .text.time_ms  0x0000000000000000        0xc /home/remon/pebble-dev/PebbleSDK-3.1/Pebble/basalt/lib/libpebble.a(tmpfX6yoapebble.o)
 .text          0x0000000000000000        0x0 /home/remon/pebble-dev/PebbleSDK-3.1/arm-cs-tools/bin/../lib/gcc/arm-none-eabi/4.7.2/thumb2/crtend.o
 .bss           0x0000000000000000        0x0 /home/remon/pebble-dev/PebbleSDK-3.1/arm-cs-tools/bin/../lib/gcc/arm-none-eabi/4.7.2/thumb2/crtend.o
 .eh_frame      0x0000000000000000        0x4 /home/remon/pebble-dev/PebbleSDK-3.1/arm-cs-tools/bin/../lib/gcc/arm-none-eabi/4.7.2/thumb2/crtend.o
 .jcr           0x0000000000000000        0x4 /home/remon/pebble-dev/PebbleSDK-3.1/arm-cs-tools/bin/../lib/gcc/arm-none-eabi/4.7.2/thumb2/crtend.o
 .tm_clone_table
                0x0000000000000000        0x0 /home/remon/pebble-dev/PebbleSDK-3.1/arm-cs-tools/bin/../lib/gcc/arm-none-eabi/4.7.2/thumb2/crtend.o
 .text          0x0000000000000000        0x0 /home/remon/pebble-dev/PebbleSDK-3.1/arm-cs-tools/bin/../lib/gcc/arm-none-eabi/4.7.2/thumb2/crtn.o
 .bss           0x0000000000000000        0x0 /home/remon/pebble-dev/PebbleSDK-3.1/arm-cs-tools/bin/../lib/gcc/arm-none-eabi/4.7.2/thumb2/crtn.o
 .init          0x0000000000000000        0x8 /home/remon/pebble-dev/PebbleSDK-3.1/arm-cs-tools/bin/../lib/gcc/arm-none-eabi/4.7.2/thumb2/crtn.o
 .fini          0x0000000000000000        0x8 /home/remon/pebble-dev/PebbleSDK-3.1/arm-cs-tools/bin/../lib/gcc/arm-none-eabi/4.7.2/thumb2/crtn.o

Memory Configuration

Name             Origin             Length             Attributes
APP              0x0000000000000000 0x0000000000010000 xrw
*default*        0x0000000000000000 0xffffffffffffffff

Linker script and memory map

LOAD /home/remon/pebble-dev/PebbleSDK-3.1/arm-cs-tools/bin/../lib/gcc/arm-none-eabi/4.7.2/thumb2/crti.o
LOAD /home/remon/pebble-dev/PebbleSDK-3.1/arm-cs-tools/bin/../lib/gcc/arm-none-eabi/4.7.2/thumb2/crtbegin.o
LOAD src/app.c.12.o
LOAD basalt/appinfo.auto.c.12.o
LOAD /home/remon/pebble-dev/PebbleSDK-3.1/Pebble/basalt/lib/libpebble.a
START GROUP
LOAD /home/remon/pebble-dev/PebbleSDK-3.1/arm-cs-tools/bin/../lib/gcc/arm-none-eabi/4.7.2/thumb2/libgcc.a
LOAD /home/remon/pebble-dev/PebbleSDK-3.1/arm-cs-tools/bin/../lib/gcc/arm-none-eabi/4.7.2/../../../../arm-none-eabi/lib/thumb2/libc.a
END GROUP
LOAD /home/remon/pebble-dev/PebbleSDK-3.1/arm-cs-tools/bin/../lib/gcc/arm-none-eabi/4.7.2/thumb2/crtend.o
LOAD /home/remon/pebble-dev/PebbleSDK-3.1/arm-cs-tools/bin/../lib/gcc/arm-none-eabi/4.7.2/thumb2/crtn.o

.header         0x0000000000000000       0x82
 *(.pbl_header)
 .pbl_header    0x0000000000000000       0x82 basalt/appinfo.auto.c.12.o
                0x0000000000000000                __pbl_app_info

.note.gnu.build-id
                0x0000000000000082       0x26
                0x0000000000000082                PROVIDE (BUILD_ID, .)
 *(.note.gnu.build-id)
 *fill*         0x0000000000000082        0x2 
 .note.gnu.build-id
                0x0000000000000084       0x24 linker stubs

.text           0x00000000000000a8      0x3a8
 *(.text)
 .text          0x00000000000000a8       0x14 /home/remon/pebble-dev/PebbleSDK-3.1/Pebble/basalt/lib/libpebble.a(tmpfX6yoapebble.o)
 *(.text.*)
 .text.main_window_unload
                0x00000000000000bc       0x30 src/app.c.12.o
 .text.main_window_load
                0x00000000000000ec      0x10c src/app.c.12.o
 .text.layer_update_proc
                0x00000000000001f8       0x50 src/app.c.12.o
 .text.handle_timechange
                0x0000000000000248       0x30 src/app.c.12.o
                0x0000000000000248                handle_timechange
 .text.startup.main
                0x0000000000000278       0x60 src/app.c.12.o
                0x0000000000000278                main
 .text.app_event_loop
                0x00000000000002d8        0xc /home/remon/pebble-dev/PebbleSDK-3.1/Pebble/basalt/lib/libpebble.a(tmpfX6yoapebble.o)
                0x00000000000002d8                app_event_loop
 .text.app_log  0x00000000000002e4        0xc /home/remon/pebble-dev/PebbleSDK-3.1/Pebble/basalt/lib/libpebble.a(tmpfX6yoapebble.o)
                0x00000000000002e4                app_log
 .text.fonts_load_custom_font
                0x00000000000002f0        0xc /home/remon/pebble-dev/PebbleSDK-3.1/Pebble/basalt/lib/libpebble.a(tmpfX6yoapebble.o)
                0x00000000000002f0                fonts_load_custom_font
 .text.layer_add_child
                0x00000000000002fc        0xc /home/remon/pebble-dev/PebbleSDK-3.1/Pebble/basalt/lib/libpebble.a(tmpfX6yoapebble.o)
                0x00000000000002fc                layer_add_child
 .text.layer_create
                0x0000000000000308        0xc /home/remon/pebble-dev/PebbleSDK-3.1/Pebble/basalt/lib/libpebble.a(tmpfX6yoapebble.o)
                0x0000000000000308                layer_create
 .text.layer_destroy
                0x0000000000000314        0xc /home/remon/pebble-dev/PebbleSDK-3.1/Pebble/basalt/lib/libpebble.a(tmpfX6yoapebble.o)
                0x0000000000000314                layer_destroy
 .text.layer_get_bounds
                0x0000000000000320        0xc /home/remon/pebble-dev/PebbleSDK-3.1/Pebble/basalt/lib/libpebble.a(tmpfX6yoapebble.o)
                0x0000000000000320                layer_get_bounds
 .text.layer_set_update_proc
                0x000000000000032c        0xc /home/remon/pebble-dev/PebbleSDK-3.1/Pebble/basalt/lib/libpebble.a(tmpfX6yoapebble.o)
                0x000000000000032c                layer_set_update_proc
 .text.memset   0x0000000000000338        0xc /home/remon/pebble-dev/PebbleSDK-3.1/Pebble/basalt/lib/libpebble.a(tmpfX6yoapebble.o)
                0x0000000000000338                memset
 .text.resource_get_handle
                0x0000000000000344        0xc /home/remon/pebble-dev/PebbleSDK-3.1/Pebble/basalt/lib/libpebble.a(tmpfX6yoapebble.o)
                0x0000000000000344                resource_get_handle
 .text.strftime
                0x0000000000000350        0xc /home/remon/pebble-dev/PebbleSDK-3.1/Pebble/basalt/lib/libpebble.a(tmpfX6yoapebble.o)
                0x0000000000000350                strftime
 .text.tick_timer_service_subscribe
                0x000000000000035c        0xc /home/remon/pebble-dev/PebbleSDK-3.1/Pebble/basalt/lib/libpebble.a(tmpfX6yoapebble.o)
                0x000000000000035c                tick_timer_service_subscribe
 .text.window_create
                0x0000000000000368        0xc /home/remon/pebble-dev/PebbleSDK-3.1/Pebble/basalt/lib/libpebble.a(tmpfX6yoapebble.o)
                0x0000000000000368                window_create
 .text.window_destroy
                0x0000000000000374        0xc /home/remon/pebble-dev/PebbleSDK-3.1/Pebble/basalt/lib/libpebble.a(tmpfX6yoapebble.o)
                0x0000000000000374                window_destroy
 .text.window_get_root_layer
                0x0000000000000380        0xc /home/remon/pebble-dev/PebbleSDK-3.1/Pebble/basalt/lib/libpebble.a(tmpfX6yoapebble.o)
                0x0000000000000380                window_get_root_layer
 .text.window_set_window_handlers
                0x000000000000038c        0xc /home/remon/pebble-dev/PebbleSDK-3.1/Pebble/basalt/lib/libpebble.a(tmpfX6yoapebble.o)
                0x000000000000038c                window_set_window_handlers
 .text.window_stack_push
                0x0000000000000398        0xc /home/remon/pebble-dev/PebbleSDK-3.1/Pebble/basalt/lib/libpebble.a(tmpfX6yoapebble.o)
                0x0000000000000398                window_stack_push
 .text.window_set_background_color
                0x00000000000003a4        0xc /home/remon/pebble-dev/PebbleSDK-3.1/Pebble/basalt/lib/libpebble.a(tmpfX6yoapebble.o)
                0x00000000000003a4                window_set_background_color
 .text.text_layer_create
                0x00000000000003b0        0xc /home/remon/pebble-dev/PebbleSDK-3.1/Pebble/basalt/lib/libpebble.a(tmpfX6yoapebble.o)
                0x00000000000003b0                text_layer_create
 .text.text_layer_destroy
                0x00000000000003bc        0xc /home/remon/pebble-dev/PebbleSDK-3.1/Pebble/basalt/lib/libpebble.a(tmpfX6yoapebble.o)
                0x00000000000003bc                text_layer_destroy
 .text.text_layer_set_font
                0x00000000000003c8        0xc /home/remon/pebble-dev/PebbleSDK-3.1/Pebble/basalt/lib/libpebble.a(tmpfX6yoapebble.o)
                0x00000000000003c8                text_layer_set_font
 .text.text_layer_set_text
                0x00000000000003d4        0xc /home/remon/pebble-dev/PebbleSDK-3.1/Pebble/basalt/lib/libpebble.a(tmpfX6yoapebble.o)
                0x00000000000003d4                text_layer_set_text
 .text.text_layer_set_text_alignment
                0x00000000000003e0        0xc /home/remon/pebble-dev/PebbleSDK-3.1/Pebble/basalt/lib/libpebble.a(tmpfX6yoapebble.o)
                0x00000000000003e0                text_layer_set_text_alignment
 .text.gdraw_command_image_create_with_resource
                0x00000000000003ec        0xc /home/remon/pebble-dev/PebbleSDK-3.1/Pebble/basalt/lib/libpebble.a(tmpfX6yoapebble.o)
                0x00000000000003ec                gdraw_command_image_create_with_resource
 .text.gdraw_command_image_destroy
                0x00000000000003f8        0xc /home/remon/pebble-dev/PebbleSDK-3.1/Pebble/basalt/lib/libpebble.a(tmpfX6yoapebble.o)
                0x00000000000003f8                gdraw_command_image_destroy
 .text.gdraw_command_image_draw
                0x0000000000000404        0xc /home/remon/pebble-dev/PebbleSDK-3.1/Pebble/basalt/lib/libpebble.a(tmpfX6yoapebble.o)
                0x0000000000000404                gdraw_command_image_draw
 .text.gdraw_command_image_get_bounds_size
                0x0000000000000410        0xc /home/remon/pebble-dev/PebbleSDK-3.1/Pebble/basalt/lib/libpebble.a(tmpfX6yoapebble.o)
                0x0000000000000410                gdraw_command_image_get_bounds_size
 .text.gdraw_command_image_set_bounds_size
                0x000000000000041c        0xc /home/remon/pebble-dev/PebbleSDK-3.1/Pebble/basalt/lib/libpebble.a(tmpfX6yoapebble.o)
                0x000000000000041c                gdraw_command_image_set_bounds_size
 *(.rodata)
 .rodata        0x0000000000000428        0x4 src/app.c.12.o
 *(.rodata*)
 .rodata.str1.1
                0x000000000000042c       0x24 src/app.c.12.o

.glue_7         0x0000000000000450        0x0
 .glue_7        0x0000000000000000        0x0 linker stubs

.glue_7t        0x0000000000000450        0x0
 .glue_7t       0x0000000000000000        0x0 linker stubs

.vfp11_veneer   0x0000000000000450        0x0
 .vfp11_veneer  0x0000000000000000        0x0 linker stubs

.v4_bx          0x0000000000000450        0x0
 .v4_bx         0x0000000000000000        0x0 linker stubs

.iplt           0x0000000000000450        0x0
 .iplt          0x0000000000000000        0x0 /home/remon/pebble-dev/PebbleSDK-3.1/arm-cs-tools/bin/../lib/gcc/arm-none-eabi/4.7.2/thumb2/crtbegin.o

.rel.dyn        0x0000000000000450        0x0
 .rel.iplt      0x0000000000000000        0x0 /home/remon/pebble-dev/PebbleSDK-3.1/arm-cs-tools/bin/../lib/gcc/arm-none-eabi/4.7.2/thumb2/crtbegin.o

.data           0x0000000000000450        0x4
 *(.data)
 .data          0x0000000000000450        0x0 /home/remon/pebble-dev/PebbleSDK-3.1/arm-cs-tools/bin/../lib/gcc/arm-none-eabi/4.7.2/thumb2/crti.o
 .data          0x0000000000000450        0x4 /home/remon/pebble-dev/PebbleSDK-3.1/arm-cs-tools/bin/../lib/gcc/arm-none-eabi/4.7.2/thumb2/crtbegin.o
                0x0000000000000450                __dso_handle
 .data          0x0000000000000454        0x0 src/app.c.12.o
 .data          0x0000000000000454        0x0 basalt/appinfo.auto.c.12.o
 .data          0x0000000000000454        0x0 /home/remon/pebble-dev/PebbleSDK-3.1/Pebble/basalt/lib/libpebble.a(tmpfX6yoapebble.o)
 .data          0x0000000000000454        0x0 /home/remon/pebble-dev/PebbleSDK-3.1/arm-cs-tools/bin/../lib/gcc/arm-none-eabi/4.7.2/thumb2/crtend.o
 .data          0x0000000000000454        0x0 /home/remon/pebble-dev/PebbleSDK-3.1/arm-cs-tools/bin/../lib/gcc/arm-none-eabi/4.7.2/thumb2/crtn.o
 *(.data.*)

.igot.plt       0x0000000000000454        0x0
 .igot.plt      0x0000000000000000        0x0 /home/remon/pebble-dev/PebbleSDK-3.1/arm-cs-tools/bin/../lib/gcc/arm-none-eabi/4.7.2/thumb2/crtbegin.o

.bss            0x0000000000000454       0x20
 *(.bss)
 *(.bss.*)
 .bss.s_text_layer
                0x0000000000000454        0x4 src/app.c.12.o
 .bss.time_buffer
                0x0000000000000458        0xa src/app.c.12.o
 *fill*         0x0000000000000462        0x2 
 .bss.s_canvas_layer
                0x0000000000000464        0x4 src/app.c.12.o
 .bss.s_font_40
                0x0000000000000468        0x4 src/app.c.12.o
 .bss.s_command_image
                0x000000000000046c        0x4 src/app.c.12.o
 .bss.s_main_window
                0x0000000000000470        0x4 src/app.c.12.o

DISCARD
 libc.a(*)
 libm.a(*)
 libgcc.a(*)
 *(.eh_frame)
OUTPUT(/home/remon/pebble/stein-face/build/basalt/pebble-app.elf elf32-littlearm)

.ARM.attributes
                0x0000000000000000       0x27
 .ARM.attributes
                0x0000000000000000       0x19 /home/remon/pebble-dev/PebbleSDK-3.1/arm-cs-tools/bin/../lib/gcc/arm-none-eabi/4.7.2/thumb2/crti.o
 .ARM.attributes
                0x0000000000000019       0x29 /home/remon/pebble-dev/PebbleSDK-3.1/arm-cs-tools/bin/../lib/gcc/arm-none-eabi/4.7.2/thumb2/crtbegin.o
 .ARM.attributes
                0x0000000000000042       0x33 src/app.c.12.o
 .ARM.attributes
                0x0000000000000075       0x33 basalt/appinfo.auto.c.12.o
 .ARM.attributes
                0x00000000000000a8       0x21 /home/remon/pebble-dev/PebbleSDK-3.1/Pebble/basalt/lib/libpebble.a(tmpfX6yoapebble.o)
 .ARM.attributes
                0x00000000000000c9       0x29 /home/remon/pebble-dev/PebbleSDK-3.1/arm-cs-tools/bin/../lib/gcc/arm-none-eabi/4.7.2/thumb2/crtend.o
 .ARM.attributes
                0x00000000000000f2       0x19 /home/remon/pebble-dev/PebbleSDK-3.1/arm-cs-tools/bin/../lib/gcc/arm-none-eabi/4.7.2/thumb2/crtn.o

.comment        0x0000000000000000       0x4e
 .comment       0x0000000000000000       0x4e /home/remon/pebble-dev/PebbleSDK-3.1/arm-cs-tools/bin/../lib/gcc/arm-none-eabi/4.7.2/thumb2/crtbegin.o
                                         0x4f (size before relaxing)
 .comment       0x0000000000000000       0x4f src/app.c.12.o
 .comment       0x0000000000000000       0x4f basalt/appinfo.auto.c.12.o
 .comment       0x0000000000000000       0x4f /home/remon/pebble-dev/PebbleSDK-3.1/arm-cs-tools/bin/../lib/gcc/arm-none-eabi/4.7.2/thumb2/crtend.o

.debug_info     0x0000000000000000      0xe8c
 .debug_info    0x0000000000000000      0xb45 src/app.c.12.o
 .debug_info    0x0000000000000b45      0x347 basalt/appinfo.auto.c.12.o

.debug_abbrev   0x0000000000000000      0x321
 .debug_abbrev  0x0000000000000000      0x283 src/app.c.12.o
 .debug_abbrev  0x0000000000000283       0x9e basalt/appinfo.auto.c.12.o

.debug_loc      0x0000000000000000      0x1e9
 .debug_loc     0x0000000000000000      0x1e9 src/app.c.12.o

.debug_aranges  0x0000000000000000       0x58
 .debug_aranges
                0x0000000000000000       0x40 src/app.c.12.o
 .debug_aranges
                0x0000000000000040       0x18 basalt/appinfo.auto.c.12.o

.debug_ranges   0x0000000000000000       0x30
 .debug_ranges  0x0000000000000000       0x30 src/app.c.12.o

.debug_line     0x0000000000000000      0x36b
 .debug_line    0x0000000000000000      0x23c src/app.c.12.o
 .debug_line    0x000000000000023c      0x12f basalt/appinfo.auto.c.12.o

.debug_str      0x0000000000000000      0x898
 .debug_str     0x0000000000000000      0x676 src/app.c.12.o
                                        0x702 (size before relaxing)
 .debug_str     0x0000000000000676      0x222 basalt/appinfo.auto.c.12.o
                                        0x37e (size before relaxing)

.debug_frame    0x0000000000000000       0x9c
 .debug_frame   0x0000000000000000       0x9c src/app.c.12.o
